Archive member included to satisfy reference by file (symbol)

/home/gaiosa/st/stm32cubeide_2.1.1/plugins/com.st.stm32cube.ide.mcu.externaltools.gnu-tools-for-stm32.14.3.rel1.linux64_1.0.100.202602081740/tools/bin/../lib/gcc/arm-none-eabi/14.3.1/../../../../arm-none-eabi/lib/thumb/v6-m/nofp/libc_nano.a(libc_a-exit.o)
                              /home/gaiosa/st/stm32cubeide_2.1.1/plugins/com.st.stm32cube.ide.mcu.externaltools.gnu-tools-for-stm32.14.3.rel1.linux64_1.0.100.202602081740/tools/bin/../lib/gcc/arm-none-eabi/14.3.1/../../../../arm-none-eabi/lib/thumb/v6-m/nofp/crt0.o (exit)
/home/gaiosa/st/stm32cubeide_2.1.1/plugins/com.st.stm32cube.ide.mcu.externaltools.gnu-tools-for-stm32.14.3.rel1.linux64_1.0.100.202602081740/tools/bin/../lib/gcc/arm-none-eabi/14.3.1/../../../../arm-none-eabi/lib/thumb/v6-m/nofp/libc_nano.a(libc_a-findfp.o)
                              /home/gaiosa/st/stm32cubeide_2.1.1/plugins/com.st.stm32cube.ide.mcu.externaltools.gnu-tools-for-stm32.14.3.rel1.linux64_1.0.100.202602081740/tools/bin/../lib/gcc/arm-none-eabi/14.3.1/../../../../arm-none-eabi/lib/thumb/v6-m/nofp/libc_nano.a(libc_a-exit.o) (__stdio_exit_handler)
/home/gaiosa/st/stm32cubeide_2.1.1/plugins/com.st.stm32cube.ide.mcu.externaltools.gnu-tools-for-stm32.14.3.rel1.linux64_1.0.100.202602081740/tools/bin/../lib/gcc/arm-none-eabi/14.3.1/../../../../arm-none-eabi/lib/thumb/v6-m/nofp/libc_nano.a(libc_a-fwalk.o)
                              /home/gaiosa/st/stm32cubeide_2.1.1/plugins/com.st.stm32cube.ide.mcu.externaltools.gnu-tools-for-stm32.14.3.rel1.linux64_1.0.100.202602081740/tools/bin/../lib/gcc/arm-none-eabi/14.3.1/../../../../arm-none-eabi/lib/thumb/v6-m/nofp/libc_nano.a(libc_a-findfp.o) (_fwalk_sglue)
/home/gaiosa/st/stm32cubeide_2.1.1/plugins/com.st.stm32cube.ide.mcu.externaltools.gnu-tools-for-stm32.14.3.rel1.linux64_1.0.100.202602081740/tools/bin/../lib/gcc/arm-none-eabi/14.3.1/../../../../arm-none-eabi/lib/thumb/v6-m/nofp/libc_nano.a(libc_a-printf.o)
                              ./Application/User/Core/main.o (printf)
/home/gaiosa/st/stm32cubeide_2.1.1/plugins/com.st.stm32cube.ide.mcu.externaltools.gnu-tools-for-stm32.14.3.rel1.linux64_1.0.100.202602081740/tools/bin/../lib/gcc/arm-none-eabi/14.3.1/../../../../arm-none-eabi/lib/thumb/v6-m/nofp/libc_nano.a(libc_a-puts.o)
                              ./Application/User/Core/main.o (puts)
/home/gaiosa/st/stm32cubeide_2.1.1/plugins/com.st.stm32cube.ide.mcu.externaltools.gnu-tools-for-stm32.14.3.rel1.linux64_1.0.100.202602081740/tools/bin/../lib/gcc/arm-none-eabi/14.3.1/../../../../arm-none-eabi/lib/thumb/v6-m/nofp/libc_nano.a(libc_a-sprintf.o)
                              ./Application/User/Core/main.o (sprintf)
/home/gaiosa/st/stm32cubeide_2.1.1/plugins/com.st.stm32cube.ide.mcu.externaltools.gnu-tools-for-stm32.14.3.rel1.linux64_1.0.100.202602081740/tools/bin/../lib/gcc/arm-none-eabi/14.3.1/../../../../arm-none-eabi/lib/thumb/v6-m/nofp/libc_nano.a(libc_a-sscanf.o)
                              ./Application/User/Core/main.o (sscanf)
/home/gaiosa/st/stm32cubeide_2.1.1/plugins/com.st.stm32cube.ide.mcu.externaltools.gnu-tools-for-stm32.14.3.rel1.linux64_1.0.100.202602081740/tools/bin/../lib/gcc/arm-none-eabi/14.3.1/../../../../arm-none-eabi/lib/thumb/v6-m/nofp/libc_nano.a(libc_a-stdio.o)
                              /home/gaiosa/st/stm32cubeide_2.1.1/plugins/com.st.stm32cube.ide.mcu.externaltools.gnu-tools-for-stm32.14.3.rel1.linux64_1.0.100.202602081740/tools/bin/../lib/gcc/arm-none-eabi/14.3.1/../../../../arm-none-eabi/lib/thumb/v6-m/nofp/libc_nano.a(libc_a-findfp.o) (__sread)
/home/gaiosa/st/stm32cubeide_2.1.1/plugins/com.st.stm32cube.ide.mcu.externaltools.gnu-tools-for-stm32.14.3.rel1.linux64_1.0.100.202602081740/tools/bin/../lib/gcc/arm-none-eabi/14.3.1/../../../../arm-none-eabi/lib/thumb/v6-m/nofp/libc_nano.a(libc_a-wbuf.o)
                              /home/gaiosa/st/stm32cubeide_2.1.1/plugins/com.st.stm32cube.ide.mcu.externaltools.gnu-tools-for-stm32.14.3.rel1.linux64_1.0.100.202602081740/tools/bin/../lib/gcc/arm-none-eabi/14.3.1/../../../../arm-none-eabi/lib/thumb/v6-m/nofp/libc_nano.a(libc_a-puts.o) (__swbuf_r)
/home/gaiosa/st/stm32cubeide_2.1.1/plugins/com.st.stm32cube.ide.mcu.externaltools.gnu-tools-for-stm32.14.3.rel1.linux64_1.0.100.202602081740/tools/bin/../lib/gcc/arm-none-eabi/14.3.1/../../../../arm-none-eabi/lib/thumb/v6-m/nofp/libc_nano.a(libc_a-wsetup.o)
                              /home/gaiosa/st/stm32cubeide_2.1.1/plugins/com.st.stm32cube.ide.mcu.externaltools.gnu-tools-for-stm32.14.3.rel1.linux64_1.0.100.202602081740/tools/bin/../lib/gcc/arm-none-eabi/14.3.1/../../../../arm-none-eabi/lib/thumb/v6-m/nofp/libc_nano.a(libc_a-puts.o) (__swsetup_r)
/home/gaiosa/st/stm32cubeide_2.1.1/plugins/com.st.stm32cube.ide.mcu.externaltools.gnu-tools-for-stm32.14.3.rel1.linux64_1.0.100.202602081740/tools/bin/../lib/gcc/arm-none-eabi/14.3.1/../../../../arm-none-eabi/lib/thumb/v6-m/nofp/libc_nano.a(libc_a-memset.o)
[...]
Memory Configuration

Name             Origin             Length             Attributes
RAM              0x20000000         0x00007800         xrw
FLASH            0x08000000         0x00040000         xr
*default*        0x00000000         0xffffffff

Linker script and memory map

LOAD /home/gaiosa/st/stm32cubeide_2.1.1/plugins/com.st.stm32cube.ide.mcu.externaltools.gnu-tools-for-stm32.14.3.rel1.linux64_1.0.100.202602081740/tools/bin/../lib/gcc/arm-none-eabi/14.3.1/thumb/v6-m/nofp/crti.o
LOAD /home/gaiosa/st/stm32cubeide_2.1.1/plugins/com.st.stm32cube.ide.mcu.externaltools.gnu-tools-for-stm32.14.3.rel1.linux64_1.0.100.202602081740/tools/bin/../lib/gcc/arm-none-eabi/14.3.1/thumb/v6-m/nofp/crtbegin.o
LOAD /home/gaiosa/st/stm32cubeide_2.1.1/plugins/com.st.stm32cube.ide.mcu.externaltools.gnu-tools-for-stm32.14.3.rel1.linux64_1.0.100.202602081740/tools/bin/../lib/gcc/arm-none-eabi/14.3.1/../../../../arm-none-eabi/lib/thumb/v6-m/nofp/crt0.o
LOAD ./Application/User/Core/main.o
LOAD ./Application/User/Core/stm32c0xx_hal_msp.o
LOAD ./Application/User/Core/stm32c0xx_it.o
LOAD ./Application/User/Core/syscalls.o
LOAD ./Application/User/Core/sysmem.o
LOAD ./Application/User/Startup/startup_stm32c092rctx.o
LOAD ./Drivers/BSP/STM32C0xx_Nucleo/stm32c0xx_nucleo.o
LOAD ./Drivers/CMSIS/system_stm32c0xx.o
LOAD ./Drivers/STM32C0xx_HAL_Driver/stm32c0xx_hal.o
LOAD ./Drivers/STM32C0xx_HAL_Driver/stm32c0xx_hal_cortex.o
LOAD ./Drivers/STM32C0xx_HAL_Driver/stm32c0xx_hal_dma.o
LOAD ./Drivers/STM32C0xx_HAL_Driver/stm32c0xx_hal_dma_ex.o
LOAD ./Drivers/STM32C0xx_HAL_Driver/stm32c0xx_hal_exti.o
LOAD ./Drivers/STM32C0xx_HAL_Driver/stm32c0xx_hal_flash.o
LOAD ./Drivers/STM32C0xx_HAL_Driver/stm32c0xx_hal_flash_ex.o
LOAD ./Drivers/STM32C0xx_HAL_Driver/stm32c0xx_hal_gpio.o
LOAD ./Drivers/STM32C0xx_HAL_Driver/stm32c0xx_hal_pwr.o
LOAD ./Drivers/STM32C0xx_HAL_Driver/stm32c0xx_hal_pwr_ex.o
LOAD ./Drivers/STM32C0xx_HAL_Driver/stm32c0xx_hal_rcc.o
LOAD ./Drivers/STM32C0xx_HAL_Driver/stm32c0xx_hal_rcc_ex.o
LOAD ./Drivers/STM32C0xx_HAL_Driver/stm32c0xx_hal_uart.o
LOAD ./Drivers/STM32C0xx_HAL_Driver/stm32c0xx_hal_uart_ex.o
LOAD ./Drivers/STM32C0xx_HAL_Driver/stm32c0xx_hal_usart.o
LOAD ./Drivers/STM32C0xx_HAL_Driver/stm32c0xx_hal_usart_ex.o
START GROUP
LOAD /home/gaiosa/st/stm32cubeide_2.1.1/plugins/com.st.stm32cube.ide.mcu.externaltools.gnu-tools-for-stm32.14.3.rel1.linux64_1.0.100.202602081740/tools/bin/../lib/gcc/arm-none-eabi/14.3.1/../../../../arm-none-eabi/lib/thumb/v6-m/nofp/libc_nano.a
LOAD /home/gaiosa/st/stm32cubeide_2.1.1/plugins/com.st.stm32cube.ide.mcu.externaltools.gnu-tools-for-stm32.14.3.rel1.linux64_1.0.100.202602081740/tools/bin/../lib/gcc/arm-none-eabi/14.3.1/../../../../arm-none-eabi/lib/thumb/v6-m/nofp/libm.a
END GROUP
START GROUP
LOAD /home/gaiosa/st/stm32cubeide_2.1.1/plugins/com.st.stm32cube.ide.mcu.externaltools.gnu-tools-for-stm32.14.3.rel1.linux64_1.0.100.202602081740/tools/bin/../lib/gcc/arm-none-eabi/14.3.1/thumb/v6-m/nofp/libgcc.a
LOAD /home/gaiosa/st/stm32cubeide_2.1.1/plugins/com.st.stm32cube.ide.mcu.externaltools.gnu-tools-for-stm32.14.3.rel1.linux64_1.0.100.202602081740/tools/bin/../lib/gcc/arm-none-eabi/14.3.1/../../../../arm-none-eabi/lib/thumb/v6-m/nofp/libc_nano.a
END GROUP
START GROUP
LOAD /home/gaiosa/st/stm32cubeide_2.1.1/plugins/com.st.stm32cube.ide.mcu.externaltools.gnu-tools-for-stm32.14.3.rel1.linux64_1.0.100.202602081740/tools/bin/../lib/gcc/arm-none-eabi/14.3.1/thumb/v6-m/nofp/libgcc.a
LOAD /home/gaiosa/st/stm32cubeide_2.1.1/plugins/com.st.stm32cube.ide.mcu.externaltools.gnu-tools-for-stm32.14.3.rel1.linux64_1.0.100.202602081740/tools/bin/../lib/gcc/arm-none-eabi/14.3.1/../../../../arm-none-eabi/lib/thumb/v6-m/nofp/libc_nano.a
LOAD /home/gaiosa/st/stm32cubeide_2.1.1/plugins/com.st.stm32cube.ide.mcu.externaltools.gnu-tools-for-stm32.14.3.rel1.linux64_1.0.100.202602081740/tools/bin/../lib/gcc/arm-none-eabi/14.3.1/../../../../arm-none-eabi/lib/thumb/v6-m/nofp/libnosys.a
END GROUP
START GROUP
LOAD /home/gaiosa/st/stm32cubeide_2.1.1/plugins/com.st.stm32cube.ide.mcu.externaltools.gnu-tools-for-stm32.14.3.rel1.linux64_1.0.100.202602081740/tools/bin/../lib/gcc/arm-none-eabi/14.3.1/thumb/v6-m/nofp/libgcc.a
LOAD /home/gaiosa/st/stm32cubeide_2.1.1/plugins/com.st.stm32cube.ide.mcu.externaltools.gnu-tools-for-stm32.14.3.rel1.linux64_1.0.100.202602081740/tools/bin/../lib/gcc/arm-none-eabi/14.3.1/../../../../arm-none-eabi/lib/thumb/v6-m/nofp/libc_nano.a
LOAD /home/gaiosa/st/stm32cubeide_2.1.1/plugins/com.st.stm32cube.ide.mcu.externaltools.gnu-tools-for-stm32.14.3.rel1.linux64_1.0.100.202602081740/tools/bin/../lib/gcc/arm-none-eabi/14.3.1/../../../../arm-none-eabi/lib/thumb/v6-m/nofp/libnosys.a
END GROUP
LOAD /home/gaiosa/st/stm32cubeide_2.1.1/plugins/com.st.stm32cube.ide.mcu.externaltools.gnu-tools-for-stm32.14.3.rel1.linux64_1.0.100.202602081740/tools/bin/../lib/gcc/arm-none-eabi/14.3.1/thumb/v6-m/nofp/crtend.o
LOAD /home/gaiosa/st/stm32cubeide_2.1.1/plugins/com.st.stm32cube.ide.mcu.externaltools.gnu-tools-for-stm32.14.3.rel1.linux64_1.0.100.202602081740/tools/bin/../lib/gcc/arm-none-eabi/14.3.1/thumb/v6-m/nofp/crtn.o
                0x20007800                        _estack = (ORIGIN (RAM) + LENGTH (RAM))
                0x00000200                        _Min_Heap_Size = 0x200
                0x00000400                        _Min_Stack_Size = 0x400

.isr_vector     0x08000000       0xc0
                0x08000000                        . = ALIGN (0x4)
 *(.isr_vector)
 .isr_vector    0x08000000       0xc0 ./Application/User/Startup/startup_stm32c092rctx.o
                0x08000000                g_pfnVectors
                0x080000c0                        . = ALIGN (0x4)

.text           0x080000c0     0x48f4
                0x080000c0                        . = ALIGN (0x4)
 *(.text)
 .text          0x080000c0       0x48 /home/gaiosa/st/stm32cubeide_2.1.1/plugins/com.st.stm32cube.ide.mcu.externaltools.gnu-tools-for-stm32.14.3.rel1.linux64_1.0.100.202602081740/tools/bin/../lib/gcc/arm-none-eabi/14.3.1/thumb/v6-m/nofp/crtbegin.o
 .text          0x08000108        0xe /home/gaiosa/st/stm32cubeide_2.1.1/plugins/com.st.stm32cube.ide.mcu.externaltools.gnu-tools-for-stm32.14.3.rel1.linux64_1.0.100.202602081740/tools/bin/../lib/gcc/arm-none-eabi/14.3.1/../../../../arm-none-eabi/lib/thumb/v6-m/nofp/libc_nano.a(libc_a-strlen.o)
                0x08000108                strlen
 *fill*         0x08000116        0x2 
 .text          0x08000118       0x14 /home/gaiosa/st/stm32cubeide_2.1.1/plugins/com.st.stm32cube.ide.mcu.externaltools.gnu-tools-for-stm32.14.3.rel1.linux64_1.0.100.202602081740/tools/bin/../lib/gcc/arm-none-eabi/14.3.1/thumb/v6-m/nofp/libgcc.a(_thumb1_case_shi.o)
                0x08000118                __gnu_thumb1_case_shi
 .text          0x0800012c      0x114 /home/gaiosa/st/stm32cubeide_2.1.1/plugins/com.st.stm32cube.ide.mcu.externaltools.gnu-tools-for-stm32.14.3.rel1.linux64_1.0.100.202602081740/tools/bin/../lib/gcc/arm-none-eabi/14.3.1/thumb/v6-m/nofp/libgcc.a(_udivsi3.o)
                0x0800012c                __udivsi3
                0x0800012c                __aeabi_uidiv
                0x08000238                __aeabi_uidivmod
 .text          0x08000240      0x1d4 /home/gaiosa/st/stm32cubeide_2.1.1/plugins/com.st.stm32cube.ide.mcu.externaltools.gnu-tools-for-stm32.14.3.rel1.linux64_1.0.100.202602081740/tools/bin/../lib/gcc/arm-none-eabi/14.3.1/thumb/v6-m/nofp/libgcc.a(_divsi3.o)
                0x08000240                __aeabi_idiv
                0x08000240                __divsi3
                0x0800040c                __aeabi_idivmod
 .text          0x08000414        0x4 /home/gaiosa/st/stm32cubeide_2.1.1/plugins/com.st.stm32cube.ide.mcu.externaltools.gnu-tools-for-stm32.14.3.rel1.linux64_1.0.100.202602081740/tools/bin/../lib/gcc/arm-none-eabi/14.3.1/thumb/v6-m/nofp/libgcc.a(_dvmd_tls.o)
                0x08000414                __aeabi_ldiv0
                0x08000414                __aeabi_idiv0
 *(.text*)
 .text.main     0x08000418      0x1fc ./Application/User/Core/main.o
                0x08000418                main
 .text.SystemClock_Config
                0x08000614       0x98 ./Application/User/Core/main.o
                0x08000614                SystemClock_Config
 .text.MX_USART1_UART_Init
                0x080006ac       0x9c ./Application/User/Core/main.o
 .text.MX_GPIO_Init
                0x08000748       0x5c ./Application/User/Core/main.o
 .text.BSP_PB_Callback
                0x080007a4       0x28 ./Application/User/Core/main.o
                0x080007a4                BSP_PB_Callback
 .text.Error_Handler
                0x080007cc        0xc ./Application/User/Core/main.o
                0x080007cc                Error_Handler
 .text.HAL_MspInit
                0x080007d8       0x48 ./Application/User/Core/stm32c0xx_hal_msp.o
                0x080007d8                HAL_MspInit
 .text.HAL_UART_MspInit
                0x08000820       0xc0 ./Application/User/Core/stm32c0xx_hal_msp.o
                0x08000820                HAL_UART_MspInit
 .text.NMI_Handler
                0x080008e0        0x8 ./Application/User/Core/stm32c0xx_it.o
                0x080008e0                NMI_Handler
 .text.HardFault_Handler
                0x080008e8        0x8 ./Application/User/Core/stm32c0xx_it.o
                0x080008e8                HardFault_Handler
 .text.SVC_Handler
                0x080008f0        0xa ./Application/User/Core/stm32c0xx_it.o
                0x080008f0                SVC_Handler
 .text.PendSV_Handler
                0x080008fa        0xa ./Application/User/Core/stm32c0xx_it.o
                0x080008fa                PendSV_Handler
 .text.SysTick_Handler
                0x08000904        0xe ./Application/User/Core/stm32c0xx_it.o
                0x08000904                SysTick_Handler
 .text.EXTI4_15_IRQHandler
                0x08000912       0x10 ./Application/User/Core/stm32c0xx_it.o
                0x08000912                EXTI4_15_IRQHandler
 .text._read    0x08000922       0x3a ./Application/User/Core/syscalls.o
                0x08000922                _read
 .text._write   0x0800095c       0x38 ./Application/User/Core/syscalls.o
                0x0800095c                _write
 .text._close   0x08000994       0x14 ./Application/User/Core/syscalls.o
                0x08000994                _close
 .text._fstat   0x080009a8       0x1c ./Application/User/Core/syscalls.o
                0x080009a8                _fstat
 .text._isatty  0x080009c4       0x12 ./Application/User/Core/syscalls.o
                0x080009c4                _isatty
 .text._lseek   0x080009d6       0x16 ./Application/User/Core/syscalls.o
                0x080009d6                _lseek
 .text._sbrk    0x080009ec       0x6c ./Application/User/Core/sysmem.o
                0x080009ec                _sbrk
 .text.Reset_Handler
                0x08000a58       0x50 ./Application/User/Startup/startup_stm32c092rctx.o
                0x08000a58                Reset_Handler
 .text.Default_Handler
                0x08000aa8        0x2 ./Application/User/Startup/startup_stm32c092rctx.o
                0x08000aa8                TIM1_CC_IRQHandler
                0x08000aa8                I2C1_IRQHandler
                0x08000aa8                FDCAN1_IT1_IRQHandler
                0x08000aa8                SPI1_IRQHandler
                0x08000aa8                USART3_4_IRQHandler
                0x08000aa8                EXTI2_3_IRQHandler
                0x08000aa8                ADC1_IRQHandler
                0x08000aa8                I2C2_IRQHandler
                0x08000aa8                TIM17_IRQHandler
                0x08000aa8                RTC_IRQHandler
                0x08000aa8                TIM16_IRQHandler
                0x08000aa8                TIM3_IRQHandler
                0x08000aa8                RCC_IRQHandler
                0x08000aa8                DMA1_Channel1_IRQHandler
                0x08000aa8                Default_Handler
                0x08000aa8                TIM14_IRQHandler
                0x08000aa8                TIM15_IRQHandler
                0x08000aa8                EXTI0_1_IRQHandler
                0x08000aa8                SPI2_IRQHandler
                0x08000aa8                WWDG_IRQHandler
                0x08000aa8                FDCAN1_IT0_IRQHandler
                0x08000aa8                TIM2_IRQHandler
                0x08000aa8                DMA1_Channel2_3_IRQHandler
                0x08000aa8                DMAMUX1_DMA1_CH4_5_IRQHandler
                0x08000aa8                USART2_IRQHandler
                0x08000aa8                FLASH_IRQHandler
                0x08000aa8                USART1_IRQHandler
                0x08000aa8                TIM1_BRK_UP_TRG_COM_IRQHandler
 *fill*         0x08000aaa        0x2 
 .text.BSP_LED_Init
                0x08000aac       0xd4 ./Drivers/BSP/STM32C0xx_Nucleo/stm32c0xx_nucleo.o
                0x08000aac                BSP_LED_Init
 .text.BSP_LED_On
                0x08000b80       0x7c ./Drivers/BSP/STM32C0xx_Nucleo/stm32c0xx_nucleo.o
                0x08000b80                BSP_LED_On
 .text.BSP_LED_Toggle
                0x08000bfc       0x54 ./Drivers/BSP/STM32C0xx_Nucleo/stm32c0xx_nucleo.o
                0x08000bfc                BSP_LED_Toggle
 .text.BSP_PB_Init
                0x08000c50      0x108 ./Drivers/BSP/STM32C0xx_Nucleo/stm32c0xx_nucleo.o
                0x08000c50                BSP_PB_Init
 .text.BSP_PB_IRQHandler
                0x08000d58       0x30 ./Drivers/BSP/STM32C0xx_Nucleo/stm32c0xx_nucleo.o
                0x08000d58                BSP_PB_IRQHandler
 .text.BSP_COM_Init
                0x08000d88       0x64 ./Drivers/BSP/STM32C0xx_Nucleo/stm32c0xx_nucleo.o
                0x08000d88                BSP_COM_Init
 .text.MX_USART2_Init
                0x08000dec       0x6c ./Drivers/BSP/STM32C0xx_Nucleo/stm32c0xx_nucleo.o
                0x08000dec                MX_USART2_Init
 .text.__io_putchar
                0x08000e58       0x34 ./Drivers/BSP/STM32C0xx_Nucleo/stm32c0xx_nucleo.o
                0x08000e58                __io_putchar
 .text.BUTTON_USER_EXTI_Callback
                0x08000e8c       0x10 ./Drivers/BSP/STM32C0xx_Nucleo/stm32c0xx_nucleo.o
 .text.COM1_MspInit
                0x08000e9c       0xb0 ./Drivers/BSP/STM32C0xx_Nucleo/stm32c0xx_nucleo.o
 .text.SystemInit
                0x08000f4c       0x18 ./Drivers/CMSIS/system_stm32c0xx.o
                0x08000f4c                SystemInit
 .text.HAL_Init
                0x08000f64       0x2e ./Drivers/STM32C0xx_HAL_Driver/stm32c0xx_hal.o
                0x08000f64                HAL_Init
 *fill*         0x08000f92        0x2 
 .text.HAL_InitTick
                0x08000f94       0x94 ./Drivers/STM32C0xx_HAL_Driver/stm32c0xx_hal.o
                0x08000f94                HAL_InitTick
 .text.HAL_IncTick
                0x08001028       0x24 ./Drivers/STM32C0xx_HAL_Driver/stm32c0xx_hal.o
                0x08001028                HAL_IncTick
 .text.HAL_GetTick
                0x0800104c       0x14 ./Drivers/STM32C0xx_HAL_Driver/stm32c0xx_hal.o
                0x0800104c                HAL_GetTick
 .text.__NVIC_EnableIRQ
                0x08001060       0x34 ./Drivers/STM32C0xx_HAL_Driver/stm32c0xx_hal_cortex.o
 .text.__NVIC_SetPriority
                0x08001094       0xdc ./Drivers/STM32C0xx_HAL_Driver/stm32c0xx_hal_cortex.o
 .text.SysTick_Config
                0x08001170       0x48 ./Drivers/STM32C0xx_HAL_Driver/stm32c0xx_hal_cortex.o
 .text.HAL_NVIC_SetPriority
                0x080011b8       0x2a ./Drivers/STM32C0xx_HAL_Driver/stm32c0xx_hal_cortex.o
                0x080011b8                HAL_NVIC_SetPriority
 .text.HAL_NVIC_EnableIRQ
                0x080011e2       0x20 ./Drivers/STM32C0xx_HAL_Driver/stm32c0xx_hal_cortex.o
                0x080011e2                HAL_NVIC_EnableIRQ
 .text.HAL_SYSTICK_Config
                0x08001202       0x1a ./Drivers/STM32C0xx_HAL_Driver/stm32c0xx_hal_cortex.o
                0x08001202                HAL_SYSTICK_Config
 .text.HAL_EXTI_RegisterCallback
                0x0800121c       0x64 ./Drivers/STM32C0xx_HAL_Driver/stm32c0xx_hal_exti.o
                0x0800121c                HAL_EXTI_RegisterCallback
 .text.HAL_EXTI_GetHandle
                0x08001280       0x24 ./Drivers/STM32C0xx_HAL_Driver/stm32c0xx_hal_exti.o
                0x08001280                HAL_EXTI_GetHandle
 .text.HAL_EXTI_IRQHandler
                0x080012a4       0x94 ./Drivers/STM32C0xx_HAL_Driver/stm32c0xx_hal_exti.o
                0x080012a4                HAL_EXTI_IRQHandler
 .text.HAL_GPIO_Init
                0x08001338      0x2e4 ./Drivers/STM32C0xx_HAL_Driver/stm32c0xx_hal_gpio.o
                0x08001338                HAL_GPIO_Init
 .text.HAL_GPIO_WritePin
                0x0800161c       0x3a ./Drivers/STM32C0xx_HAL_Driver/stm32c0xx_hal_gpio.o
                0x0800161c                HAL_GPIO_WritePin
 .text.HAL_GPIO_TogglePin
                0x08001656       0x36 ./Drivers/STM32C0xx_HAL_Driver/stm32c0xx_hal_gpio.o
                0x08001656                HAL_GPIO_TogglePin
 .text.HAL_RCC_OscConfig
                0x0800168c      0x3c8 ./Drivers/STM32C0xx_HAL_Driver/stm32c0xx_hal_rcc.o
                0x0800168c                HAL_RCC_OscConfig
 .text.HAL_RCC_ClockConfig
                0x08001a54      0x214 ./Drivers/STM32C0xx_HAL_Driver/stm32c0xx_hal_rcc.o
                0x08001a54                HAL_RCC_ClockConfig
 .text.HAL_RCC_GetSysClockFreq
                0x08001c68       0xa0 ./Drivers/STM32C0xx_HAL_Driver/stm32c0xx_hal_rcc.o
                0x08001c68                HAL_RCC_GetSysClockFreq
 .text.HAL_RCC_GetHCLKFreq
                0x08001d08       0x3c ./Drivers/STM32C0xx_HAL_Driver/stm32c0xx_hal_rcc.o
                0x08001d08                HAL_RCC_GetHCLKFreq
 .text.HAL_RCC_GetPCLK1Freq
                0x08001d44       0x30 ./Drivers/STM32C0xx_HAL_Driver/stm32c0xx_hal_rcc.o
                0x08001d44                HAL_RCC_GetPCLK1Freq
 .text.HAL_RCCEx_PeriphCLKConfig
                0x08001d74      0x1f4 ./Drivers/STM32C0xx_HAL_Driver/stm32c0xx_hal_rcc_ex.o
                0x08001d74                HAL_RCCEx_PeriphCLKConfig
 .text.HAL_UART_Init
                0x08001f68       0xac ./Drivers/STM32C0xx_HAL_Driver/stm32c0xx_hal_uart.o
                0x08001f68                HAL_UART_Init
 .text.HAL_UART_Transmit
                0x08002014      0x148 ./Drivers/STM32C0xx_HAL_Driver/stm32c0xx_hal_uart.o
                0x08002014                HAL_UART_Transmit
 .text.HAL_UART_Receive
                0x0800215c      0x1cc ./Drivers/STM32C0xx_HAL_Driver/stm32c0xx_hal_uart.o
                0x0800215c                HAL_UART_Receive
 .text.UART_SetConfig
                0x08002328      0x32c ./Drivers/STM32C0xx_HAL_Driver/stm32c0xx_hal_uart.o
                0x08002328                UART_SetConfig
 .text.UART_AdvFeatureConfig
                0x08002654      0x168 ./Drivers/STM32C0xx_HAL_Driver/stm32c0xx_hal_uart.o
                0x08002654                UART_AdvFeatureConfig
 .text.UART_CheckIdleState
                0x080027bc      0x154 ./Drivers/STM32C0xx_HAL_Driver/stm32c0xx_hal_uart.o
                0x080027bc                UART_CheckIdleState
 .text.UART_WaitOnFlagUntilTimeout
                0x08002910       0xde ./Drivers/STM32C0xx_HAL_Driver/stm32c0xx_hal_uart.o
                0x08002910                UART_WaitOnFlagUntilTimeout
 *fill*         0x080029ee        0x2 
 .text.UART_EndRxTransfer
                0x080029f0       0xcc ./Drivers/STM32C0xx_HAL_Driver/stm32c0xx_hal_uart.o
 .text.HAL_UARTEx_DisableFifoMode
                0x08002abc       0x74 ./Drivers/STM32C0xx_HAL_Driver/stm32c0xx_hal_uart_ex.o
                0x08002abc                HAL_UARTEx_DisableFifoMode
 .text.HAL_UARTEx_SetTxFifoThreshold
                0x08002b30       0x7e ./Drivers/STM32C0xx_HAL_Driver/stm32c0xx_hal_uart_ex.o
                0x08002b30                HAL_UARTEx_SetTxFifoThreshold
 *fill*         0x08002bae        0x2 
 .text.HAL_UARTEx_SetRxFifoThreshold
                0x08002bb0       0x84 ./Drivers/STM32C0xx_HAL_Driver/stm32c0xx_hal_uart_ex.o
                0x08002bb0                HAL_UARTEx_SetRxFifoThreshold
 .text.UARTEx_SetNbDataToProcess
                0x08002c34       0xbc ./Drivers/STM32C0xx_HAL_Driver/stm32c0xx_hal_uart_ex.o
 .text.std      0x08002cf0       0x6c /home/gaiosa/st/stm32cubeide_2.1.1/plugins/com.st.stm32cube.ide.mcu.externaltools.gnu-tools-for-stm32.14.3.rel1.linux64_1.0.100.202602081740/tools/bin/../lib/gcc/arm-none-eabi/14.3.1/../../../../arm-none-eabi/lib/thumb/v6-m/nofp/libc_nano.a(libc_a-findfp.o)
 .text.stdio_exit_handler
                0x08002d5c       0x1c /home/gaiosa/st/stm32cubeide_2.1.1/plugins/com.st.stm32cube.ide.mcu.externaltools.gnu-tools-for-stm32.14.3.rel1.linux64_1.0.100.202602081740/tools/bin/../lib/gcc/arm-none-eabi/14.3.1/../../../../arm-none-eabi/lib/thumb/v6-m/nofp/libc_nano.a(libc_a-findfp.o)
 .text.cleanup_stdio
                0x08002d78       0x3c /home/gaiosa/st/stm32cubeide_2.1.1/plugins/com.st.stm32cube.ide.mcu.externaltools.gnu-tools-for-stm32.14.3.rel1.linux64_1.0.100.202602081740/tools/bin/../lib/gcc/arm-none-eabi/14.3.1/../../../../arm-none-eabi/lib/thumb/v6-m/nofp/libc_nano.a(libc_a-findfp.o)
 .text.global_stdio_init.part.0
                0x08002db4       0x3c /home/gaiosa/st/stm32cubeide_2.1.1/plugins/com.st.stm32cube.ide.mcu.externaltools.gnu-tools-for-stm32.14.3.rel1.linux64_1.0.100.202602081740/tools/bin/../lib/gcc/arm-none-eabi/14.3.1/../../../../arm-none-eabi/lib/thumb/v6-m/nofp/libc_nano.a(libc_a-findfp.o)
 .text.__sfp_lock_acquire
                0x08002df0       0x10 /home/gaiosa/st/stm32cubeide_2.1.1/plugins/com.st.stm32cube.ide.mcu.externaltools.gnu-tools-for-stm32.14.3.rel1.linux64_1.0.100.202602081740/tools/bin/../lib/gcc/arm-none-eabi/14.3.1/../../../../arm-none-eabi/lib/thumb/v6-m/nofp/libc_nano.a(libc_a-findfp.o)
                0x08002df0                __sfp_lock_acquire
 .text.__sfp_lock_release
                0x08002e00       0x10 /home/gaiosa/st/stm32cubeide_2.1.1/plugins/com.st.stm32cube.ide.mcu.externaltools.gnu-tools-for-stm32.14.3.rel1.linux64_1.0.100.202602081740/tools/bin/../lib/gcc/arm-none-eabi/14.3.1/../../../../arm-none-eabi/lib/thumb/v6-m/nofp/libc_nano.a(libc_a-findfp.o)
                0x08002e00                __sfp_lock_release
 .text.__sinit  0x08002e10       0x30 /home/gaiosa/st/stm32cubeide_2.1.1/plugins/com.st.stm32cube.ide.mcu.externaltools.gnu-tools-for-stm32.14.3.rel1.linux64_1.0.100.202602081740/tools/bin/../lib/gcc/arm-none-eabi/14.3.1/../../../../arm-none-eabi/lib/thumb/v6-m/nofp/libc_nano.a(libc_a-findfp.o)
                0x08002e10                __sinit
 .text._fwalk_sglue
                0x08002e40       0x38 /home/gaiosa/st/stm32cubeide_2.1.1/plugins/com.st.stm32cube.ide.mcu.externaltools.gnu-tools-for-stm32.14.3.rel1.linux64_1.0.100.202602081740/tools/bin/../lib/gcc/arm-none-eabi/14.3.1/../../../../arm-none-eabi/lib/thumb/v6-m/nofp/libc_nano.a(libc_a-fwalk.o)
                0x08002e40                _fwalk_sglue
 .text.printf   0x08002e78       0x20 /home/gaiosa/st/stm32cubeide_2.1.1/plugins/com.st.stm32cube.ide.mcu.externaltools.gnu-tools-for-stm32.14.3.rel1.linux64_1.0.100.202602081740/tools/bin/../lib/gcc/arm-none-eabi/14.3.1/../../../../arm-none-eabi/lib/thumb/v6-m/nofp/libc_nano.a(libc_a-printf.o)
                0x08002e78                printf
                0x08002e78                iprintf
 .text._puts_r  0x08002e98       0xac /home/gaiosa/st/stm32cubeide_2.1.1/plugins/com.st.stm32cube.ide.mcu.externaltools.gnu-tools-for-stm32.14.3.rel1.linux64_1.0.100.202602081740/tools/bin/../lib/gcc/arm-none-eabi/14.3.1/../../../../arm-none-eabi/lib/thumb/v6-m/nofp/libc_nano.a(libc_a-puts.o)
                0x08002e98                _puts_r
 .text.puts     0x08002f44       0x14 /home/gaiosa/st/stm32cubeide_2.1.1/plugins/com.st.stm32cube.ide.mcu.externaltools.gnu-tools-for-stm32.14.3.rel1.linux64_1.0.100.202602081740/tools/bin/../lib/gcc/arm-none-eabi/14.3.1/../../../../arm-none-eabi/lib/thumb/v6-m/nofp/libc_nano.a(libc_a-puts.o)
                0x08002f44                puts
 .text.sprintf  0x08002f58       0x44 /home/gaiosa/st/stm32cubeide_2.1.1/plugins/com.st.stm32cube.ide.mcu.externaltools.gnu-tools-for-stm32.14.3.rel1.linux64_1.0.100.202602081740/tools/bin/../lib/gcc/arm-none-eabi/14.3.1/../../../../arm-none-eabi/lib/thumb/v6-m/nofp/libc_nano.a(libc_a-sprintf.o)
                0x08002f58                sprintf
                0x08002f58                siprintf
 .text.sscanf   0x08002f9c       0x54 /home/gaiosa/st/stm32cubeide_2.1.1/plugins/com.st.stm32cube.ide.mcu.externaltools.gnu-tools-for-stm32.14.3.rel1.linux64_1.0.100.202602081740/tools/bin/../lib/gcc/arm-none-eabi/14.3.1/../../../../arm-none-eabi/lib/thumb/v6-m/nofp/libc_nano.a(libc_a-sscanf.o)
                0x08002f9c                sscanf
                0x08002f9c                siscanf
 .text.__sread  0x08002ff0       0x28 /home/gaiosa/st/stm32cubeide_2.1.1/plugins/com.st.stm32cube.ide.mcu.externaltools.gnu-tools-for-stm32.14.3.rel1.linux64_1.0.100.202602081740/tools/bin/../lib/gcc/arm-none-eabi/14.3.1/../../../../arm-none-eabi/lib/thumb/v6-m/nofp/libc_nano.a(libc_a-stdio.o)
                0x08002ff0                __sread
 .text.__seofread
                0x08003018        0x4 /home/gaiosa/st/stm32cubeide_2.1.1/plugins/com.st.stm32cube.ide.mcu.externaltools.gnu-tools-for-stm32.14.3.rel1.linux64_1.0.100.202602081740/tools/bin/../lib/gcc/arm-none-eabi/14.3.1/../../../../arm-none-eabi/lib/thumb/v6-m/nofp/libc_nano.a(libc_a-stdio.o)
                0x08003018                __seofread
 .text.__swrite
                0x0800301c       0x38 /home/gaiosa/st/stm32cubeide_2.1.1/plugins/com.st.stm32cube.ide.mcu.externaltools.gnu-tools-for-stm32.14.3.rel1.linux64_1.0.100.202602081740/tools/bin/../lib/gcc/arm-none-eabi/14.3.1/../../../../arm-none-eabi/lib/thumb/v6-m/nofp/libc_nano.a(libc_a-stdio.o)
                0x0800301c                __swrite
 .text.__sseek  0x08003054       0x2c /home/gaiosa/st/stm32cubeide_2.1.1/plugins/com.st.stm32cube.ide.mcu.externaltools.gnu-tools-for-stm32.14.3.rel1.linux64_1.0.100.202602081740/tools/bin/../lib/gcc/arm-none-eabi/14.3.1/../../../../arm-none-eabi/lib/thumb/v6-m/nofp/libc_nano.a(libc_a-stdio.o)
                0x08003054                __sseek
 .text.__sclose
                0x08003080        0xc /home/gaiosa/st/stm32cubeide_2.1.1/plugins/com.st.stm32cube.ide.mcu.externaltools.gnu-tools-for-stm32.14.3.rel1.linux64_1.0.100.202602081740/tools/bin/../lib/gcc/arm-none-eabi/14.3.1/../../../../arm-none-eabi/lib/thumb/v6-m/nofp/libc_nano.a(libc_a-stdio.o)
                0x08003080                __sclose
 .text.__swbuf_r
                0x0800308c       0x84 /home/gaiosa/st/stm32cubeide_2.1.1/plugins/com.st.stm32cube.ide.mcu.externaltools.gnu-tools-for-stm32.14.3.rel1.linux64_1.0.100.202602081740/tools/bin/../lib/gcc/arm-none-eabi/14.3.1/../../../../arm-none-eabi/lib/thumb/v6-m/nofp/libc_nano.a(libc_a-wbuf.o)
                0x0800308c                __swbuf_r
 .text.__swsetup_r
                0x08003110       0xb4 /home/gaiosa/st/stm32cubeide_2.1.1/plugins/com.st.stm32cube.ide.mcu.externaltools.gnu-tools-for-stm32.14.3.rel1.linux64_1.0.100.202602081740/tools/bin/../lib/gcc/arm-none-eabi/14.3.1/../../../../arm-none-eabi/lib/thumb/v6-m/nofp/libc_nano.a(libc_a-wsetup.o)
                0x08003110                __swsetup_r
 .text.memset   0x080031c4       0x10 /home/gaiosa/st/stm32cubeide_2.1.1/plugins/com.st.stm32cube.ide.mcu.externaltools.gnu-tools-for-stm32.14.3.rel1.linux64_1.0.100.202602081740/tools/bin/../lib/gcc/arm-none-eabi/14.3.1/../../../../arm-none-eabi/lib/thumb/v6-m/nofp/libc_nano.a(libc_a-memset.o)
                0x080031c4                memset
 .text._close_r
                0x080031d4       0x24 /home/gaiosa/st/stm32cubeide_2.1.1/plugins/com.st.stm32cube.ide.mcu.externaltools.gnu-tools-for-stm32.14.3.rel1.linux64_1.0.100.202602081740/tools/bin/../lib/gcc/arm-none-eabi/14.3.1/../../../../arm-none-eabi/lib/thumb/v6-m/nofp/libc_nano.a(libc_a-closer.o)
                0x080031d4                _close_r
 .text._lseek_r
                0x080031f8       0x28 /home/gaiosa/st/stm32cubeide_2.1.1/plugins/com.st.stm32cube.ide.mcu.externaltools.gnu-tools-for-stm32.14.3.rel1.linux64_1.0.100.202602081740/tools/bin/../lib/gcc/arm-none-eabi/14.3.1/../../../../arm-none-eabi/lib/thumb/v6-m/nofp/libc_nano.a(libc_a-lseekr.o)
                0x080031f8                _lseek_r
 .text._read_r  0x08003220       0x28 /home/gaiosa/st/stm32cubeide_2.1.1/plugins/com.st.stm32cube.ide.mcu.externaltools.gnu-tools-for-stm32.14.3.rel1.linux64_1.0.100.202602081740/tools/bin/../lib/gcc/arm-none-eabi/14.3.1/../../../../arm-none-eabi/lib/thumb/v6-m/nofp/libc_nano.a(libc_a-readr.o)
                0x08003220                _read_r
 .text._write_r
                0x08003248       0x28 /home/gaiosa/st/stm32cubeide_2.1.1/plugins/com.st.stm32cube.ide.mcu.externaltools.gnu-tools-for-stm32.14.3.rel1.linux64_1.0.100.202602081740/tools/bin/../lib/gcc/arm-none-eabi/14.3.1/../../../../arm-none-eabi/lib/thumb/v6-m/nofp/libc_nano.a(libc_a-writer.o)
                0x08003248                _write_r
 .text.__errno  0x08003270        0xc /home/gaiosa/st/stm32cubeide_2.1.1/plugins/com.st.stm32cube.ide.mcu.externaltools.gnu-tools-for-stm32.14.3.rel1.linux64_1.0.100.202602081740/tools/bin/../lib/gcc/arm-none-eabi/14.3.1/../../../../arm-none-eabi/lib/thumb/v6-m/nofp/libc_nano.a(libc_a-errno.o)
                0x08003270                __errno
 .text.__libc_init_array
                0x0800327c       0x48 /home/gaiosa/st/stm32cubeide_2.1.1/plugins/com.st.stm32cube.ide.mcu.externaltools.gnu-tools-for-stm32.14.3.rel1.linux64_1.0.100.202602081740/tools/bin/../lib/gcc/arm-none-eabi/14.3.1/../../../../arm-none-eabi/lib/thumb/v6-m/nofp/libc_nano.a(libc_a-init.o)
                0x0800327c                __libc_init_array
 .text.__retarget_lock_init_recursive
                0x080032c4        0x2 /home/gaiosa/st/stm32cubeide_2.1.1/plugins/com.st.stm32cube.ide.mcu.externaltools.gnu-tools-for-stm32.14.3.rel1.linux64_1.0.100.202602081740/tools/bin/../lib/gcc/arm-none-eabi/14.3.1/../../../../arm-none-eabi/lib/thumb/v6-m/nofp/libc_nano.a(libc_a-lock.o)
                0x080032c4                __retarget_lock_init_recursive
 .text.__retarget_lock_acquire_recursive
                0x080032c6        0x2 /home/gaiosa/st/stm32cubeide_2.1.1/plugins/com.st.stm32cube.ide.mcu.externaltools.gnu-tools-for-stm32.14.3.rel1.linux64_1.0.100.202602081740/tools/bin/../lib/gcc/arm-none-eabi/14.3.1/../../../../arm-none-eabi/lib/thumb/v6-m/nofp/libc_nano.a(libc_a-lock.o)
                0x080032c6                __retarget_lock_acquire_recursive
 .text.__retarget_lock_release_recursive
                0x080032c8        0x2 /home/gaiosa/st/stm32cubeide_2.1.1/plugins/com.st.stm32cube.ide.mcu.externaltools.gnu-tools-for-stm32.14.3.rel1.linux64_1.0.100.202602081740/tools/bin/../lib/gcc/arm-none-eabi/14.3.1/../../../../arm-none-eabi/lib/thumb/v6-m/nofp/libc_nano.a(libc_a-lock.o)
                0x080032c8                __retarget_lock_release_recursive
 *fill*         0x080032ca        0x2 
 .text._free_r  0x080032cc       0x94 /home/gaiosa/st/stm32cubeide_2.1.1/plugins/com.st.stm32cube.ide.mcu.externaltools.gnu-tools-for-stm32.14.3.rel1.linux64_1.0.100.202602081740/tools/bin/../lib/gcc/arm-none-eabi/14.3.1/../../../../arm-none-eabi/lib/thumb/v6-m/nofp/libc_nano.a(libc_a-freer.o)
                0x080032cc                _free_r
 .text.sbrk_aligned
                0x08003360       0x44 /home/gaiosa/st/stm32cubeide_2.1.1/plugins/com.st.stm32cube.ide.mcu.externaltools.gnu-tools-for-stm32.14.3.rel1.linux64_1.0.100.202602081740/tools/bin/../lib/gcc/arm-none-eabi/14.3.1/../../../../arm-none-eabi/lib/thumb/v6-m/nofp/libc_nano.a(libc_a-mallocr.o)
 .text._malloc_r
                0x080033a4      0x100 /home/gaiosa/st/stm32cubeide_2.1.1/plugins/com.st.stm32cube.ide.mcu.externaltools.gnu-tools-for-stm32.14.3.rel1.linux64_1.0.100.202602081740/tools/bin/../lib/gcc/arm-none-eabi/14.3.1/../../../../arm-none-eabi/lib/thumb/v6-m/nofp/libc_nano.a(libc_a-mallocr.o)
                0x080033a4                _malloc_r
 .text.__malloc_lock
                0x080034a4       0x10 /home/gaiosa/st/stm32cubeide_2.1.1/plugins/com.st.stm32cube.ide.mcu.externaltools.gnu-tools-for-stm32.14.3.rel1.linux64_1.0.100.202602081740/tools/bin/../lib/gcc/arm-none-eabi/14.3.1/../../../../arm-none-eabi/lib/thumb/v6-m/nofp/libc_nano.a(libc_a-mlock.o)
                0x080034a4                __malloc_lock
 .text.__malloc_unlock
                0x080034b4       0x10 /home/gaiosa/st/stm32cubeide_2.1.1/plugins/com.st.stm32cube.ide.mcu.externaltools.gnu-tools-for-stm32.14.3.rel1.linux64_1.0.100.202602081740/tools/bin/../lib/gcc/arm-none-eabi/14.3.1/../../../../arm-none-eabi/lib/thumb/v6-m/nofp/libc_nano.a(libc_a-mlock.o)
                0x080034b4                __malloc_unlock
 .text.__ssputs_r
                0x080034c4       0xc8 /home/gaiosa/st/stm32cubeide_2.1.1/plugins/com.st.stm32cube.ide.mcu.externaltools.gnu-tools-for-stm32.14.3.rel1.linux64_1.0.100.202602081740/tools/bin/../lib/gcc/arm-none-eabi/14.3.1/../../../../arm-none-eabi/lib/thumb/v6-m/nofp/libc_nano.a(libc_a-nano-svfprintf.o)
                0x080034c4                __ssputs_r
 .text._svfprintf_r
                0x0800358c      0x1f4 /home/gaiosa/st/stm32cubeide_2.1.1/plugins/com.st.stm32cube.ide.mcu.externaltools.gnu-tools-for-stm32.14.3.rel1.linux64_1.0.100.202602081740/tools/bin/../lib/gcc/arm-none-eabi/14.3.1/../../../../arm-none-eabi/lib/thumb/v6-m/nofp/libc_nano.a(libc_a-nano-svfprintf.o)
                0x0800358c                _svfprintf_r
                0x0800358c                _svfiprintf_r
 .text._sungetc_r
                0x08003780       0x78 /home/gaiosa/st/stm32cubeide_2.1.1/plugins/com.st.stm32cube.ide.mcu.externaltools.gnu-tools-for-stm32.14.3.rel1.linux64_1.0.100.202602081740/tools/bin/../lib/gcc/arm-none-eabi/14.3.1/../../../../arm-none-eabi/lib/thumb/v6-m/nofp/libc_nano.a(libc_a-nano-svfscanf.o)
                0x08003780                _sungetc_r
 .text.__ssrefill_r
                0x080037f8       0x3e /home/gaiosa/st/stm32cubeide_2.1.1/plugins/com.st.stm32cube.ide.mcu.externaltools.gnu-tools-for-stm32.14.3.rel1.linux64_1.0.100.202602081740/tools/bin/../lib/gcc/arm-none-eabi/14.3.1/../../../../arm-none-eabi/lib/thumb/v6-m/nofp/libc_nano.a(libc_a-nano-svfscanf.o)
                0x080037f8                __ssrefill_r
 *fill*         0x08003836        0x2 
 .text.__ssvfscanf_r
                0x08003838      0x2c4 /home/gaiosa/st/stm32cubeide_2.1.1/plugins/com.st.stm32cube.ide.mcu.externaltools.gnu-tools-for-stm32.14.3.rel1.linux64_1.0.100.202602081740/tools/bin/../lib/gcc/arm-none-eabi/14.3.1/../../../../arm-none-eabi/lib/thumb/v6-m/nofp/libc_nano.a(libc_a-nano-svfscanf.o)
                0x08003838                __ssvfscanf_r
                0x08003838                __ssvfiscanf_r
 .text.__sfputc_r
                0x08003afc       0x2a /home/gaiosa/st/stm32cubeide_2.1.1/plugins/com.st.stm32cube.ide.mcu.externaltools.gnu-tools-for-stm32.14.3.rel1.linux64_1.0.100.202602081740/tools/bin/../lib/gcc/arm-none-eabi/14.3.1/../../../../arm-none-eabi/lib/thumb/v6-m/nofp/libc_nano.a(libc_a-nano-vfprintf.o)
 .text.__sfputs_r
                0x08003b26       0x24 /home/gaiosa/st/stm32cubeide_2.1.1/plugins/com.st.stm32cube.ide.mcu.externaltools.gnu-tools-for-stm32.14.3.rel1.linux64_1.0.100.202602081740/tools/bin/../lib/gcc/arm-none-eabi/14.3.1/../../../../arm-none-eabi/lib/thumb/v6-m/nofp/libc_nano.a(libc_a-nano-vfprintf.o)
                0x08003b26                __sfputs_r
 *fill*         0x08003b4a        0x2 
 .text._vfprintf_r
                0x08003b4c      0x230 /home/gaiosa/st/stm32cubeide_2.1.1/plugins/com.st.stm32cube.ide.mcu.externaltools.gnu-tools-for-stm32.14.3.rel1.linux64_1.0.100.202602081740/tools/bin/../lib/gcc/arm-none-eabi/14.3.1/../../../../arm-none-eabi/lib/thumb/v6-m/nofp/libc_nano.a(libc_a-nano-vfprintf.o)
                0x08003b4c                _vfiprintf_r
                0x08003b4c                _vfprintf_r
 .text._printf_common
                0x08003d7c       0xde /home/gaiosa/st/stm32cubeide_2.1.1/plugins/com.st.stm32cube.ide.mcu.externaltools.gnu-tools-for-stm32.14.3.rel1.linux64_1.0.100.202602081740/tools/bin/../lib/gcc/arm-none-eabi/14.3.1/../../../../arm-none-eabi/lib/thumb/v6-m/nofp/libc_nano.a(libc_a-nano-vfprintf_i.o)
                0x08003d7c                _printf_common
 *fill*         0x08003e5a        0x2 
 .text._printf_i
                0x08003e5c      0x218 /home/gaiosa/st/stm32cubeide_2.1.1/plugins/com.st.stm32cube.ide.mcu.externaltools.gnu-tools-for-stm32.14.3.rel1.linux64_1.0.100.202602081740/tools/bin/../lib/gcc/arm-none-eabi/14.3.1/../../../../arm-none-eabi/lib/thumb/v6-m/nofp/libc_nano.a(libc_a-nano-vfprintf_i.o)
                0x08003e5c                _printf_i
 .text._scanf_chars
                0x08004074       0xc4 /home/gaiosa/st/stm32cubeide_2.1.1/plugins/com.st.stm32cube.ide.mcu.externaltools.gnu-tools-for-stm32.14.3.rel1.linux64_1.0.100.202602081740/tools/bin/../lib/gcc/arm-none-eabi/14.3.1/../../../../arm-none-eabi/lib/thumb/v6-m/nofp/libc_nano.a(libc_a-nano-vfscanf_i.o)
                0x08004074                _scanf_chars
 .text._scanf_i
                0x08004138      0x1f8 /home/gaiosa/st/stm32cubeide_2.1.1/plugins/com.st.stm32cube.ide.mcu.externaltools.gnu-tools-for-stm32.14.3.rel1.linux64_1.0.100.202602081740/tools/bin/../lib/gcc/arm-none-eabi/14.3.1/../../../../arm-none-eabi/lib/thumb/v6-m/nofp/libc_nano.a(libc_a-nano-vfscanf_i.o)
                0x08004138                _scanf_i
 .text.__sflush_r
                0x08004330      0x114 /home/gaiosa/st/stm32cubeide_2.1.1/plugins/com.st.stm32cube.ide.mcu.externaltools.gnu-tools-for-stm32.14.3.rel1.linux64_1.0.100.202602081740/tools/bin/../lib/gcc/arm-none-eabi/14.3.1/../../../../arm-none-eabi/lib/thumb/v6-m/nofp/libc_nano.a(libc_a-fflush.o)
                0x08004330                __sflush_r
 .text._fflush_r
                0x08004444       0x56 /home/gaiosa/st/stm32cubeide_2.1.1/plugins/com.st.stm32cube.ide.mcu.externaltools.gnu-tools-for-stm32.14.3.rel1.linux64_1.0.100.202602081740/tools/bin/../lib/gcc/arm-none-eabi/14.3.1/../../../../arm-none-eabi/lib/thumb/v6-m/nofp/libc_nano.a(libc_a-fflush.o)
                0x08004444                _fflush_r
 *fill*         0x0800449a        0x2 
 .text.__swhatbuf_r
                0x0800449c       0x54 /home/gaiosa/st/stm32cubeide_2.1.1/plugins/com.st.stm32cube.ide.mcu.externaltools.gnu-tools-for-stm32.14.3.rel1.linux64_1.0.100.202602081740/tools/bin/../lib/gcc/arm-none-eabi/14.3.1/../../../../arm-none-eabi/lib/thumb/v6-m/nofp/libc_nano.a(libc_a-makebuf.o)
                0x0800449c                __swhatbuf_r
 .text.__smakebuf_r
                0x080044f0       0x72 /home/gaiosa/st/stm32cubeide_2.1.1/plugins/com.st.stm32cube.ide.mcu.externaltools.gnu-tools-for-stm32.14.3.rel1.linux64_1.0.100.202602081740/tools/bin/../lib/gcc/arm-none-eabi/14.3.1/../../../../arm-none-eabi/lib/thumb/v6-m/nofp/libc_nano.a(libc_a-makebuf.o)
                0x080044f0                __smakebuf_r
 .text.__sccl   0x08004562       0x72 /home/gaiosa/st/stm32cubeide_2.1.1/plugins/com.st.stm32cube.ide.mcu.externaltools.gnu-tools-for-stm32.14.3.rel1.linux64_1.0.100.202602081740/tools/bin/../lib/gcc/arm-none-eabi/14.3.1/../../../../arm-none-eabi/lib/thumb/v6-m/nofp/libc_nano.a(libc_a-sccl.o)
                0x08004562                __sccl
 .text.__submore
                0x080045d4       0x7c /home/gaiosa/st/stm32cubeide_2.1.1/plugins/com.st.stm32cube.ide.mcu.externaltools.gnu-tools-for-stm32.14.3.rel1.linux64_1.0.100.202602081740/tools/bin/../lib/gcc/arm-none-eabi/14.3.1/../../../../arm-none-eabi/lib/thumb/v6-m/nofp/libc_nano.a(libc_a-ungetc.o)
                0x080045d4                __submore
 .text.memmove  0x08004650       0x24 /home/gaiosa/st/stm32cubeide_2.1.1/plugins/com.st.stm32cube.ide.mcu.externaltools.gnu-tools-for-stm32.14.3.rel1.linux64_1.0.100.202602081740/tools/bin/../lib/gcc/arm-none-eabi/14.3.1/../../../../arm-none-eabi/lib/thumb/v6-m/nofp/libc_nano.a(libc_a-memmove.o)
                0x08004650                memmove
 .text._fstat_r
                0x08004674       0x24 /home/gaiosa/st/stm32cubeide_2.1.1/plugins/com.st.stm32cube.ide.mcu.externaltools.gnu-tools-for-stm32.14.3.rel1.linux64_1.0.100.202602081740/tools/bin/../lib/gcc/arm-none-eabi/14.3.1/../../../../arm-none-eabi/lib/thumb/v6-m/nofp/libc_nano.a(libc_a-fstatr.o)
                0x08004674                _fstat_r
 .text._isatty_r
                0x08004698       0x24 /home/gaiosa/st/stm32cubeide_2.1.1/plugins/com.st.stm32cube.ide.mcu.externaltools.gnu-tools-for-stm32.14.3.rel1.linux64_1.0.100.202602081740/tools/bin/../lib/gcc/arm-none-eabi/14.3.1/../../../../arm-none-eabi/lib/thumb/v6-m/nofp/libc_nano.a(libc_a-isattyr.o)
                0x08004698                _isatty_r
 .text._sbrk_r  0x080046bc       0x24 /home/gaiosa/st/stm32cubeide_2.1.1/plugins/com.st.stm32cube.ide.mcu.externaltools.gnu-tools-for-stm32.14.3.rel1.linux64_1.0.100.202602081740/tools/bin/../lib/gcc/arm-none-eabi/14.3.1/../../../../arm-none-eabi/lib/thumb/v6-m/nofp/libc_nano.a(libc_a-sbrkr.o)
                0x080046bc                _sbrk_r
 .text.memchr   0x080046e0       0x16 /home/gaiosa/st/stm32cubeide_2.1.1/plugins/com.st.stm32cube.ide.mcu.externaltools.gnu-tools-for-stm32.14.3.rel1.linux64_1.0.100.202602081740/tools/bin/../lib/gcc/arm-none-eabi/14.3.1/../../../../arm-none-eabi/lib/thumb/v6-m/nofp/libc_nano.a(libc_a-memchr-stub.o)
                0x080046e0                memchr
 .text.memcpy   0x080046f6       0x12 /home/gaiosa/st/stm32cubeide_2.1.1/plugins/com.st.stm32cube.ide.mcu.externaltools.gnu-tools-for-stm32.14.3.rel1.linux64_1.0.100.202602081740/tools/bin/../lib/gcc/arm-none-eabi/14.3.1/../../../../arm-none-eabi/lib/thumb/v6-m/nofp/libc_nano.a(libc_a-memcpy-stub.o)
                0x080046f6                memcpy
 .text._realloc_r
                0x08004708       0x60 /home/gaiosa/st/stm32cubeide_2.1.1/plugins/com.st.stm32cube.ide.mcu.externaltools.gnu-tools-for-stm32.14.3.rel1.linux64_1.0.100.202602081740/tools/bin/../lib/gcc/arm-none-eabi/14.3.1/../../../../arm-none-eabi/lib/thumb/v6-m/nofp/libc_nano.a(libc_a-reallocr.o)
                0x08004708                _realloc_r
 .text._strtol_l.isra.0
                0x08004768      0x114 /home/gaiosa/st/stm32cubeide_2.1.1/plugins/com.st.stm32cube.ide.mcu.externaltools.gnu-tools-for-stm32.14.3.rel1.linux64_1.0.100.202602081740/tools/bin/../lib/gcc/arm-none-eabi/14.3.1/../../../../arm-none-eabi/lib/thumb/v6-m/nofp/libc_nano.a(libc_a-strtol.o)
 .text._strtol_r
                0x0800487c        0x8 /home/gaiosa/st/stm32cubeide_2.1.1/plugins/com.st.stm32cube.ide.mcu.externaltools.gnu-tools-for-stm32.14.3.rel1.linux64_1.0.100.202602081740/tools/bin/../lib/gcc/arm-none-eabi/14.3.1/../../../../arm-none-eabi/lib/thumb/v6-m/nofp/libc_nano.a(libc_a-strtol.o)
                0x0800487c                _strtol_r
 .text._strtoul_l.isra.0
                0x08004884      0x100 /home/gaiosa/st/stm32cubeide_2.1.1/plugins/com.st.stm32cube.ide.mcu.externaltools.gnu-tools-for-stm32.14.3.rel1.linux64_1.0.100.202602081740/tools/bin/../lib/gcc/arm-none-eabi/14.3.1/../../../../arm-none-eabi/lib/thumb/v6-m/nofp/libc_nano.a(libc_a-strtoul.o)
 .text._strtoul_r
                0x08004984        0x8 /home/gaiosa/st/stm32cubeide_2.1.1/plugins/com.st.stm32cube.ide.mcu.externaltools.gnu-tools-for-stm32.14.3.rel1.linux64_1.0.100.202602081740/tools/bin/../lib/gcc/arm-none-eabi/14.3.1/../../../../arm-none-eabi/lib/thumb/v6-m/nofp/libc_nano.a(libc_a-strtoul.o)
                0x08004984                _strtoul_r
 .text._malloc_usable_size_r
                0x0800498c       0x10 /home/gaiosa/st/stm32cubeide_2.1.1/plugins/com.st.stm32cube.ide.mcu.externaltools.gnu-tools-for-stm32.14.3.rel1.linux64_1.0.100.202602081740/tools/bin/../lib/gcc/arm-none-eabi/14.3.1/../../../../arm-none-eabi/lib/thumb/v6-m/nofp/libc_nano.a(libc_a-msizer.o)
                0x0800498c                _malloc_usable_size_r
 *(.glue_7)
 .glue_7        0x0800499c        0x0 linker stubs
 *(.glue_7t)
 .glue_7t       0x0800499c        0x0 linker stubs
 *(.eh_frame)
 .eh_frame      0x0800499c        0x0 /home/gaiosa/st/stm32cubeide_2.1.1/plugins/com.st.stm32cube.ide.mcu.externaltools.gnu-tools-for-stm32.14.3.rel1.linux64_1.0.100.202602081740/tools/bin/../lib/gcc/arm-none-eabi/14.3.1/thumb/v6-m/nofp/crtbegin.o
 *(.init)
 .init          0x0800499c        0x4 /home/gaiosa/st/stm32cubeide_2.1.1/plugins/com.st.stm32cube.ide.mcu.externaltools.gnu-tools-for-stm32.14.3.rel1.linux64_1.0.100.202602081740/tools/bin/../lib/gcc/arm-none-eabi/14.3.1/thumb/v6-m/nofp/crti.o
                0x0800499c                _init
 .init          0x080049a0        0x8 /home/gaiosa/st/stm32cubeide_2.1.1/plugins/com.st.stm32cube.ide.mcu.externaltools.gnu-tools-for-stm32.14.3.rel1.linux64_1.0.100.202602081740/tools/bin/../lib/gcc/arm-none-eabi/14.3.1/thumb/v6-m/nofp/crtn.o
 *(.fini)
 .fini          0x080049a8        0x4 /home/gaiosa/st/stm32cubeide_2.1.1/plugins/com.st.stm32cube.ide.mcu.externaltools.gnu-tools-for-stm32.14.3.rel1.linux64_1.0.100.202602081740/tools/bin/../lib/gcc/arm-none-eabi/14.3.1/thumb/v6-m/nofp/crti.o
                0x080049a8                _fini
 .fini          0x080049ac        0x8 /home/gaiosa/st/stm32cubeide_2.1.1/plugins/com.st.stm32cube.ide.mcu.externaltools.gnu-tools-for-stm32.14.3.rel1.linux64_1.0.100.202602081740/tools/bin/../lib/gcc/arm-none-eabi/14.3.1/thumb/v6-m/nofp/crtn.o
                0x080049b4                        . = ALIGN (0x4)
                0x080049b4                        _etext = .

.vfp11_veneer   0x080049b4        0x0
 .vfp11_veneer  0x080049b4        0x0 linker stubs

.v4_bx          0x080049b4        0x0
 .v4_bx         0x080049b4        0x0 linker stubs

.iplt           0x080049b4        0x0
 .iplt          0x080049b4        0x0 /home/gaiosa/st/stm32cubeide_2.1.1/plugins/com.st.stm32cube.ide.mcu.externaltools.gnu-tools-for-stm32.14.3.rel1.linux64_1.0.100.202602081740/tools/bin/../lib/gcc/arm-none-eabi/14.3.1/thumb/v6-m/nofp/crtbegin.o

.rodata         0x080049b4      0x220
                0x080049b4                        . = ALIGN (0x4)
 *(.rodata)
 .rodata        0x080049b4       0x33 ./Application/User/Core/main.o
 *fill*         0x080049e7        0x1 
 .rodata        0x080049e8        0xc /home/gaiosa/st/stm32cubeide_2.1.1/plugins/com.st.stm32cube.ide.mcu.externaltools.gnu-tools-for-stm32.14.3.rel1.linux64_1.0.100.202602081740/tools/bin/../lib/gcc/arm-none-eabi/14.3.1/../../../../arm-none-eabi/lib/thumb/v6-m/nofp/libc_nano.a(libc_a-nano-vfscanf_i.o)
 *(.rodata*)
 .rodata.LED_PIN
                0x080049f4        0x4 ./Drivers/BSP/STM32C0xx_Nucleo/stm32c0xx_nucleo.o
 .rodata.BUTTON_EXTI_LINE.2
                0x080049f8        0x4 ./Drivers/BSP/STM32C0xx_Nucleo/stm32c0xx_nucleo.o
 .rodata.AHBPrescTable
                0x080049fc       0x40 ./Drivers/CMSIS/system_stm32c0xx.o
                0x080049fc                AHBPrescTable
 .rodata.APBPrescTable
                0x08004a3c       0x20 ./Drivers/CMSIS/system_stm32c0xx.o
                0x08004a3c                APBPrescTable
 .rodata.UARTPrescTable
                0x08004a5c       0x18 ./Drivers/STM32C0xx_HAL_Driver/stm32c0xx_hal_uart.o
                0x08004a5c                UARTPrescTable
 .rodata.numerator.1
                0x08004a74        0x8 ./Drivers/STM32C0xx_HAL_Driver/stm32c0xx_hal_uart_ex.o
 .rodata.denominator.0
                0x08004a7c        0x8 ./Drivers/STM32C0xx_HAL_Driver/stm32c0xx_hal_uart_ex.o
 .rodata._svfprintf_r.str1.1
                0x08004a84       0x4e /home/gaiosa/st/stm32cubeide_2.1.1/plugins/com.st.stm32cube.ide.mcu.externaltools.gnu-tools-for-stm32.14.3.rel1.linux64_1.0.100.202602081740/tools/bin/../lib/gcc/arm-none-eabi/14.3.1/../../../../arm-none-eabi/lib/thumb/v6-m/nofp/libc_nano.a(libc_a-nano-svfprintf.o)
                                 0x11 (size before relaxing)
 .rodata.__ssvfscanf_r.str1.1
                0x08004ad2        0x4 /home/gaiosa/st/stm32cubeide_2.1.1/plugins/com.st.stm32cube.ide.mcu.externaltools.gnu-tools-for-stm32.14.3.rel1.linux64_1.0.100.202602081740/tools/bin/../lib/gcc/arm-none-eabi/14.3.1/../../../../arm-none-eabi/lib/thumb/v6-m/nofp/libc_nano.a(libc_a-nano-svfscanf.o)
 .rodata._vfprintf_r.str1.1
                0x08004ad2       0x11 /home/gaiosa/st/stm32cubeide_2.1.1/plugins/com.st.stm32cube.ide.mcu.externaltools.gnu-tools-for-stm32.14.3.rel1.linux64_1.0.100.202602081740/tools/bin/../lib/gcc/arm-none-eabi/14.3.1/../../../../arm-none-eabi/lib/thumb/v6-m/nofp/libc_nano.a(libc_a-nano-vfprintf.o)
 .rodata._printf_i.str1.1
                0x08004ad2       0x22 /home/gaiosa/st/stm32cubeide_2.1.1/plugins/com.st.stm32cube.ide.mcu.externaltools.gnu-tools-for-stm32.14.3.rel1.linux64_1.0.100.202602081740/tools/bin/../lib/gcc/arm-none-eabi/14.3.1/../../../../arm-none-eabi/lib/thumb/v6-m/nofp/libc_nano.a(libc_a-nano-vfprintf_i.o)
 .rodata._scanf_i.str1.1
                0x08004ad2       0x12 /home/gaiosa/st/stm32cubeide_2.1.1/plugins/com.st.stm32cube.ide.mcu.externaltools.gnu-tools-for-stm32.14.3.rel1.linux64_1.0.100.202602081740/tools/bin/../lib/gcc/arm-none-eabi/14.3.1/../../../../arm-none-eabi/lib/thumb/v6-m/nofp/libc_nano.a(libc_a-nano-vfscanf_i.o)
 .rodata.str1.1
                0x08004ad2        0x9 /home/gaiosa/st/stm32cubeide_2.1.1/plugins/com.st.stm32cube.ide.mcu.externaltools.gnu-tools-for-stm32.14.3.rel1.linux64_1.0.100.202602081740/tools/bin/../lib/gcc/arm-none-eabi/14.3.1/../../../../arm-none-eabi/lib/thumb/v6-m/nofp/libc_nano.a(libc_a-nano-vfscanf_i.o)
 .rodata._ctype_
                0x08004ad2      0x101 /home/gaiosa/st/stm32cubeide_2.1.1/plugins/com.st.stm32cube.ide.mcu.externaltools.gnu-tools-for-stm32.14.3.rel1.linux64_1.0.100.202602081740/tools/bin/../lib/gcc/arm-none-eabi/14.3.1/../../../../arm-none-eabi/lib/thumb/v6-m/nofp/libc_nano.a(libc_a-ctype_.o)
                0x08004ad2                _ctype_
                0x08004bd4                        . = ALIGN (0x4)
 *fill*         0x08004bd3        0x1 

.ARM.extab      0x08004bd4        0x0
                0x08004bd4                        . = ALIGN (0x4)
 *(.ARM.extab* .gnu.linkonce.armextab.*)
                0x08004bd4                        . = ALIGN (0x4)

.ARM            0x08004bd4        0x0
                0x08004bd4                        . = ALIGN (0x4)
                0x08004bd4                        __exidx_start = .
 *(.ARM.exidx*)
                0x08004bd4                        __exidx_end = .
                0x08004bd4                        . = ALIGN (0x4)

.preinit_array  0x08004bd4        0x0
                0x08004bd4                        . = ALIGN (0x4)
                0x08004bd4                        PROVIDE (__preinit_array_start = .)
 *(.preinit_array*)
                0x08004bd4                        PROVIDE (__preinit_array_end = .)
                0x08004bd4                        . = ALIGN (0x4)

.init_array     0x08004bd4        0x4
                0x08004bd4                        . = ALIGN (0x4)
                0x08004bd4                        PROVIDE (__init_array_start = .)
 *(SORT_BY_NAME(.init_array.*))
 *(.init_array*)
 .init_array    0x08004bd4        0x4 /home/gaiosa/st/stm32cubeide_2.1.1/plugins/com.st.stm32cube.ide.mcu.externaltools.gnu-tools-for-stm32.14.3.rel1.linux64_1.0.100.202602081740/tools/bin/../lib/gcc/arm-none-eabi/14.3.1/thumb/v6-m/nofp/crtbegin.o
                0x08004bd8                        PROVIDE (__init_array_end = .)
                0x08004bd8                        . = ALIGN (0x4)

.fini_array     0x08004bd8        0x4
                0x08004bd8                        . = ALIGN (0x4)
                [!provide]                        PROVIDE (__fini_array_start = .)
 *(SORT_BY_NAME(.fini_array.*))
 *(.fini_array*)
 .fini_array    0x08004bd8        0x4 /home/gaiosa/st/stm32cubeide_2.1.1/plugins/com.st.stm32cube.ide.mcu.externaltools.gnu-tools-for-stm32.14.3.rel1.linux64_1.0.100.202602081740/tools/bin/../lib/gcc/arm-none-eabi/14.3.1/thumb/v6-m/nofp/crtbegin.o
                [!provide]                        PROVIDE (__fini_array_end = .)
                0x08004bdc                        . = ALIGN (0x4)
                0x08004bdc                        _sidata = LOADADDR (.data)

.rel.dyn        0x08004bdc        0x0
 .rel.iplt      0x08004bdc        0x0 /home/gaiosa/st/stm32cubeide_2.1.1/plugins/com.st.stm32cube.ide.mcu.externaltools.gnu-tools-for-stm32.14.3.rel1.linux64_1.0.100.202602081740/tools/bin/../lib/gcc/arm-none-eabi/14.3.1/thumb/v6-m/nofp/crtbegin.o

.data           0x20000000       0x80 load address 0x08004bdc
                0x20000000                        . = ALIGN (0x4)
                0x20000000                        _sdata = .
 *(.data)
 *(.data*)
 .data.COM_USART
                0x20000000        0x4 ./Drivers/BSP/STM32C0xx_Nucleo/stm32c0xx_nucleo.o
                0x20000000                COM_USART
 .data.LED_PORT
                0x20000004        0x8 ./Drivers/BSP/STM32C0xx_Nucleo/stm32c0xx_nucleo.o
 .data.BUTTON_PORT
                0x2000000c        0x4 ./Drivers/BSP/STM32C0xx_Nucleo/stm32c0xx_nucleo.o
 .data.ButtonCallback.1
                0x20000010        0x4 ./Drivers/BSP/STM32C0xx_Nucleo/stm32c0xx_nucleo.o
 .data.BSP_BUTTON_PRIO.0
                0x20000014        0x4 ./Drivers/BSP/STM32C0xx_Nucleo/stm32c0xx_nucleo.o
 .data.SystemCoreClock
                0x20000018        0x4 ./Drivers/CMSIS/system_stm32c0xx.o
                0x20000018                SystemCoreClock
 .data.uwTickPrio
                0x2000001c        0x4 ./Drivers/STM32C0xx_HAL_Driver/stm32c0xx_hal.o
                0x2000001c                uwTickPrio
 .data.uwTickFreq
                0x20000020        0x1 ./Drivers/STM32C0xx_HAL_Driver/stm32c0xx_hal.o
                0x20000020                uwTickFreq
 *fill*         0x20000021        0x3 
 .data.__sglue  0x20000024        0xc /home/gaiosa/st/stm32cubeide_2.1.1/plugins/com.st.stm32cube.ide.mcu.externaltools.gnu-tools-for-stm32.14.3.rel1.linux64_1.0.100.202602081740/tools/bin/../lib/gcc/arm-none-eabi/14.3.1/../../../../arm-none-eabi/lib/thumb/v6-m/nofp/libc_nano.a(libc_a-findfp.o)
                0x20000024                __sglue
 .data._impure_ptr
                0x20000030        0x4 /home/gaiosa/st/stm32cubeide_2.1.1/plugins/com.st.stm32cube.ide.mcu.externaltools.gnu-tools-for-stm32.14.3.rel1.linux64_1.0.100.202602081740/tools/bin/../lib/gcc/arm-none-eabi/14.3.1/../../../../arm-none-eabi/lib/thumb/v6-m/nofp/libc_nano.a(libc_a-impure.o)
                0x20000030                _impure_ptr
 .data._impure_data
                0x20000034       0x4c /home/gaiosa/st/stm32cubeide_2.1.1/plugins/com.st.stm32cube.ide.mcu.externaltools.gnu-tools-for-stm32.14.3.rel1.linux64_1.0.100.202602081740/tools/bin/../lib/gcc/arm-none-eabi/14.3.1/../../../../arm-none-eabi/lib/thumb/v6-m/nofp/libc_nano.a(libc_a-impure.o)
                0x20000034                _impure_data
 *(.RamFunc)
 *(.RamFunc*)
                0x20000080                        . = ALIGN (0x4)
                0x20000080                        _edata = .

.igot.plt       0x20000080        0x0 load address 0x08004c5c
 .igot.plt      0x20000080        0x0 /home/gaiosa/st/stm32cubeide_2.1.1/plugins/com.st.stm32cube.ide.mcu.externaltools.gnu-tools-for-stm32.14.3.rel1.linux64_1.0.100.202602081740/tools/bin/../lib/gcc/arm-none-eabi/14.3.1/thumb/v6-m/nofp/crtbegin.o
                0x20000080                        . = ALIGN (0x4)

.bss            0x20000080      0x2bc load address 0x08004c5c
                0x20000080                        _sbss = .
                0x20000080                        __bss_start__ = _sbss
 *(.bss)
 .bss           0x20000080       0x1c /home/gaiosa/st/stm32cubeide_2.1.1/plugins/com.st.stm32cube.ide.mcu.externaltools.gnu-tools-for-stm32.14.3.rel1.linux64_1.0.100.202602081740/tools/bin/../lib/gcc/arm-none-eabi/14.3.1/thumb/v6-m/nofp/crtbegin.o
 *(.bss*)
 .bss.BspCOMInit
                0x2000009c       0x10 ./Application/User/Core/main.o
                0x2000009c                BspCOMInit
 .bss.BspButtonState
                0x200000ac        0x4 ./Application/User/Core/main.o
                0x200000ac                BspButtonState
 .bss.huart1    0x200000b0       0x94 ./Application/User/Core/main.o
                0x200000b0                huart1
 .bss.__sbrk_heap_end
                0x20000144        0x4 ./Application/User/Core/sysmem.o
 .bss.hpb_exti  0x20000148        0xc ./Drivers/BSP/STM32C0xx_Nucleo/stm32c0xx_nucleo.o
                0x20000148                hpb_exti
 .bss.hcom_uart
                0x20000154       0x94 ./Drivers/BSP/STM32C0xx_Nucleo/stm32c0xx_nucleo.o
                0x20000154                hcom_uart
 .bss.COM_ActiveLogPort
                0x200001e8        0x1 ./Drivers/BSP/STM32C0xx_Nucleo/stm32c0xx_nucleo.o
 *fill*         0x200001e9        0x3 
 .bss.uwTick    0x200001ec        0x4 ./Drivers/STM32C0xx_HAL_Driver/stm32c0xx_hal.o
                0x200001ec                uwTick
 .bss.__sf      0x200001f0      0x138 /home/gaiosa/st/stm32cubeide_2.1.1/plugins/com.st.stm32cube.ide.mcu.externaltools.gnu-tools-for-stm32.14.3.rel1.linux64_1.0.100.202602081740/tools/bin/../lib/gcc/arm-none-eabi/14.3.1/../../../../arm-none-eabi/lib/thumb/v6-m/nofp/libc_nano.a(libc_a-findfp.o)
                0x200001f0                __sf
 .bss.__stdio_exit_handler
                0x20000328        0x4 /home/gaiosa/st/stm32cubeide_2.1.1/plugins/com.st.stm32cube.ide.mcu.externaltools.gnu-tools-for-stm32.14.3.rel1.linux64_1.0.100.202602081740/tools/bin/../lib/gcc/arm-none-eabi/14.3.1/../../../../arm-none-eabi/lib/thumb/v6-m/nofp/libc_nano.a(libc_a-findfp.o)
                0x20000328                __stdio_exit_handler
 .bss.errno     0x2000032c        0x4 /home/gaiosa/st/stm32cubeide_2.1.1/plugins/com.st.stm32cube.ide.mcu.externaltools.gnu-tools-for-stm32.14.3.rel1.linux64_1.0.100.202602081740/tools/bin/../lib/gcc/arm-none-eabi/14.3.1/../../../../arm-none-eabi/lib/thumb/v6-m/nofp/libc_nano.a(libc_a-reent.o)
                0x2000032c                errno
 .bss.__lock___malloc_recursive_mutex
                0x20000330        0x1 /home/gaiosa/st/stm32cubeide_2.1.1/plugins/com.st.stm32cube.ide.mcu.externaltools.gnu-tools-for-stm32.14.3.rel1.linux64_1.0.100.202602081740/tools/bin/../lib/gcc/arm-none-eabi/14.3.1/../../../../arm-none-eabi/lib/thumb/v6-m/nofp/libc_nano.a(libc_a-lock.o)
                0x20000330                __lock___malloc_recursive_mutex
 .bss.__lock___sfp_recursive_mutex
                0x20000331        0x1 /home/gaiosa/st/stm32cubeide_2.1.1/plugins/com.st.stm32cube.ide.mcu.externaltools.gnu-tools-for-stm32.14.3.rel1.linux64_1.0.100.202602081740/tools/bin/../lib/gcc/arm-none-eabi/14.3.1/../../../../arm-none-eabi/lib/thumb/v6-m/nofp/libc_nano.a(libc_a-lock.o)
                0x20000331                __lock___sfp_recursive_mutex
 *fill*         0x20000332        0x2 
 .bss.__malloc_sbrk_start
                0x20000334        0x4 /home/gaiosa/st/stm32cubeide_2.1.1/plugins/com.st.stm32cube.ide.mcu.externaltools.gnu-tools-for-stm32.14.3.rel1.linux64_1.0.100.202602081740/tools/bin/../lib/gcc/arm-none-eabi/14.3.1/../../../../arm-none-eabi/lib/thumb/v6-m/nofp/libc_nano.a(libc_a-mallocr.o)
                0x20000334                __malloc_sbrk_start
 .bss.__malloc_free_list
                0x20000338        0x4 /home/gaiosa/st/stm32cubeide_2.1.1/plugins/com.st.stm32cube.ide.mcu.externaltools.gnu-tools-for-stm32.14.3.rel1.linux64_1.0.100.202602081740/tools/bin/../lib/gcc/arm-none-eabi/14.3.1/../../../../arm-none-eabi/lib/thumb/v6-m/nofp/libc_nano.a(libc_a-mallocr.o)
                0x20000338                __malloc_free_list
 *(COMMON)
                0x2000033c                        . = ALIGN (0x4)
                0x2000033c                        _ebss = .
                0x2000033c                        __bss_end__ = _ebss

._user_heap_stack
                0x2000033c      0x604 load address 0x08004c5c
                0x20000340                        . = ALIGN (0x8)
 *fill*         0x2000033c        0x4 
                [!provide]                        PROVIDE (end = .)
                0x20000340                        PROVIDE (_end = .)
                0x20000540                        . = (. + _Min_Heap_Size)
 *fill*         0x20000340      0x200 
                0x20000940                        . = (. + _Min_Stack_Size)
 *fill*         0x20000540      0x400 
                0x20000940                        . = ALIGN (0x8)

/DISCARD/
 libc.a(*)
 libm.a(*)
 libgcc.a(*)

.ARM.attributes
                0x00000000       0x28
 *(.ARM.attributes)
 .ARM.attributes
                0x00000000       0x1e /home/gaiosa/st/stm32cubeide_2.1.1/plugins/com.st.stm32cube.ide.mcu.externaltools.gnu-tools-for-stm32.14.3.rel1.linux64_1.0.100.202602081740/tools/bin/../lib/gcc/arm-none-eabi/14.3.1/thumb/v6-m/nofp/crti.o
 .ARM.attributes
                0x0000001e       0x2c /home/gaiosa/st/stm32cubeide_2.1.1/plugins/com.st.stm32cube.ide.mcu.externaltools.gnu-tools-for-stm32.14.3.rel1.linux64_1.0.100.202602081740/tools/bin/../lib/gcc/arm-none-eabi/14.3.1/thumb/v6-m/nofp/crtbegin.o
 .ARM.attributes
                0x0000004a       0x2c ./Application/User/Core/main.o
 .ARM.attributes
                0x00000076       0x2c ./Application/User/Core/stm32c0xx_hal_msp.o
 .ARM.attributes
                0x000000a2       0x2c ./Application/User/Core/stm32c0xx_it.o
 .ARM.attributes
                0x000000ce       0x2c ./Application/User/Core/syscalls.o
 .ARM.attributes
                0x000000fa       0x2c ./Application/User/Core/sysmem.o
 .ARM.attributes
                0x00000126       0x22 ./Application/User/Startup/startup_stm32c092rctx.o
 .ARM.attributes
                0x00000148       0x2c ./Drivers/BSP/STM32C0xx_Nucleo/stm32c0xx_nucleo.o
 .ARM.attributes
                0x00000174       0x2c ./Drivers/CMSIS/system_stm32c0xx.o
 .ARM.attributes
                0x000001a0       0x2c ./Drivers/STM32C0xx_HAL_Driver/stm32c0xx_hal.o
 .ARM.attributes
                0x000001cc       0x2c ./Drivers/STM32C0xx_HAL_Driver/stm32c0xx_hal_cortex.o
 .ARM.attributes
                0x000001f8       0x2c ./Drivers/STM32C0xx_HAL_Driver/stm32c0xx_hal_exti.o
 .ARM.attributes
                0x00000224       0x2c ./Drivers/STM32C0xx_HAL_Driver/stm32c0xx_hal_gpio.o
 .ARM.attributes
                0x00000250       0x2c ./Drivers/STM32C0xx_HAL_Driver/stm32c0xx_hal_rcc.o
 .ARM.attributes
                0x0000027c       0x2c ./Drivers/STM32C0xx_HAL_Driver/stm32c0xx_hal_rcc_ex.o
 .ARM.attributes
                0x000002a8       0x2c ./Drivers/STM32C0xx_HAL_Driver/stm32c0xx_hal_uart.o
 .ARM.attributes
                0x000002d4       0x2c ./Drivers/STM32C0xx_HAL_Driver/stm32c0xx_hal_uart_ex.o
 .ARM.attributes
                0x00000300       0x2c /home/gaiosa/st/stm32cubeide_2.1.1/plugins/com.st.stm32cube.ide.mcu.externaltools.gnu-tools-for-stm32.14.3.rel1.linux64_1.0.100.202602081740/tools/bin/../lib/gcc/arm-none-eabi/14.3.1/../../../../arm-none-eabi/lib/thumb/v6-m/nofp/libc_nano.a(libc_a-findfp.o)
 .ARM.attributes
                0x0000032c       0x2c /home/gaiosa/st/stm32cubeide_2.1.1/plugins/com.st.stm32cube.ide.mcu.externaltools.gnu-tools-for-stm32.14.3.rel1.linux64_1.0.100.202602081740/tools/bin/../lib/gcc/arm-none-eabi/14.3.1/../../../../arm-none-eabi/lib/thumb/v6-m/nofp/libc_nano.a(libc_a-fwalk.o)
 .ARM.attributes
                0x00000358       0x2c /home/gaiosa/st/stm32cubeide_2.1.1/plugins/com.st.stm32cube.ide.mcu.externaltools.gnu-tools-for-stm32.14.3.rel1.linux64_1.0.100.202602081740/tools/bin/../lib/gcc/arm-none-eabi/14.3.1/../../../../arm-none-eabi/lib/thumb/v6-m/nofp/libc_nano.a(libc_a-printf.o)
 .ARM.attributes
                0x00000384       0x2c /home/gaiosa/st/stm32cubeide_2.1.1/plugins/com.st.stm32cube.ide.mcu.externaltools.gnu-tools-for-stm32.14.3.rel1.linux64_1.0.100.202602081740/tools/bin/../lib/gcc/arm-none-eabi/14.3.1/../../../../arm-none-eabi/lib/thumb/v6-m/nofp/libc_nano.a(libc_a-puts.o)
 .ARM.attributes
                0x000003b0       0x2c /home/gaiosa/st/stm32cubeide_2.1.1/plugins/com.st.stm32cube.ide.mcu.externaltools.gnu-tools-for-stm32.14.3.rel1.linux64_1.0.100.202602081740/tools/bin/../lib/gcc/arm-none-eabi/14.3.1/../../../../arm-none-eabi/lib/thumb/v6-m/nofp/libc_nano.a(libc_a-sprintf.o)
 .ARM.attributes
                0x000003dc       0x2c /home/gaiosa/st/stm32cubeide_2.1.1/plugins/com.st.stm32cube.ide.mcu.externaltools.gnu-tools-for-stm32.14.3.rel1.linux64_1.0.100.202602081740/tools/bin/../lib/gcc/arm-none-eabi/14.3.1/../../../../arm-none-eabi/lib/thumb/v6-m/nofp/libc_nano.a(libc_a-sscanf.o)
 .ARM.attributes
                0x00000408       0x2c /home/gaiosa/st/stm32cubeide_2.1.1/plugins/com.st.stm32cube.ide.mcu.externaltools.gnu-tools-for-stm32.14.3.rel1.linux64_1.0.100.202602081740/tools/bin/../lib/gcc/arm-none-eabi/14.3.1/../../../../arm-none-eabi/lib/thumb/v6-m/nofp/libc_nano.a(libc_a-stdio.o)
 .ARM.attributes
                0x00000434       0x2c /home/gaiosa/st/stm32cubeide_2.1.1/plugins/com.st.stm32cube.ide.mcu.externaltools.gnu-tools-for-stm32.14.3.rel1.linux64_1.0.100.202602081740/tools/bin/../lib/gcc/arm-none-eabi/14.3.1/../../../../arm-none-eabi/lib/thumb/v6-m/nofp/libc_nano.a(libc_a-wbuf.o)
 .ARM.attributes
                0x00000460       0x2c /home/gaiosa/st/stm32cubeide_2.1.1/plugins/com.st.stm32cube.ide.mcu.externaltools.gnu-tools-for-stm32.14.3.rel1.linux64_1.0.100.202602081740/tools/bin/../lib/gcc/arm-none-eabi/14.3.1/../../../../arm-none-eabi/lib/thumb/v6-m/nofp/libc_nano.a(libc_a-wsetup.o)
 .ARM.attributes
                0x0000048c       0x2c /home/gaiosa/st/stm32cubeide_2.1.1/plugins/com.st.stm32cube.ide.mcu.externaltools.gnu-tools-for-stm32.14.3.rel1.linux64_1.0.100.202602081740/tools/bin/../lib/gcc/arm-none-eabi/14.3.1/../../../../arm-none-eabi/lib/thumb/v6-m/nofp/libc_nano.a(libc_a-memset.o)
 .ARM.attributes
                0x000004b8       0x2c /home/gaiosa/st/stm32cubeide_2.1.1/plugins/com.st.stm32cube.ide.mcu.externaltools.gnu-tools-for-stm32.14.3.rel1.linux64_1.0.100.202602081740/tools/bin/../lib/gcc/arm-none-eabi/14.3.1/../../../../arm-none-eabi/lib/thumb/v6-m/nofp/libc_nano.a(libc_a-closer.o)
 .ARM.attributes
                0x000004e4       0x2c /home/gaiosa/st/stm32cubeide_2.1.1/plugins/com.st.stm32cube.ide.mcu.externaltools.gnu-tools-for-stm32.14.3.rel1.linux64_1.0.100.202602081740/tools/bin/../lib/gcc/arm-none-eabi/14.3.1/../../../../arm-none-eabi/lib/thumb/v6-m/nofp/libc_nano.a(libc_a-reent.o)
 .ARM.attributes
                0x00000510       0x2c /home/gaiosa/st/stm32cubeide_2.1.1/plugins/com.st.stm32cube.ide.mcu.externaltools.gnu-tools-for-stm32.14.3.rel1.linux64_1.0.100.202602081740/tools/bin/../lib/gcc/arm-none-eabi/14.3.1/../../../../arm-none-eabi/lib/thumb/v6-m/nofp/libc_nano.a(libc_a-impure.o)
 .ARM.attributes
                0x0000053c       0x2c /home/gaiosa/st/stm32cubeide_2.1.1/plugins/com.st.stm32cube.ide.mcu.externaltools.gnu-tools-for-stm32.14.3.rel1.linux64_1.0.100.202602081740/tools/bin/../lib/gcc/arm-none-eabi/14.3.1/../../../../arm-none-eabi/lib/thumb/v6-m/nofp/libc_nano.a(libc_a-lseekr.o)
 .ARM.attributes
                0x00000568       0x2c /home/gaiosa/st/stm32cubeide_2.1.1/plugins/com.st.stm32cube.ide.mcu.externaltools.gnu-tools-for-stm32.14.3.rel1.linux64_1.0.100.202602081740/tools/bin/../lib/gcc/arm-none-eabi/14.3.1/../../../../arm-none-eabi/lib/thumb/v6-m/nofp/libc_nano.a(libc_a-readr.o)
 .ARM.attributes
                0x00000594       0x2c /home/gaiosa/st/stm32cubeide_2.1.1/plugins/com.st.stm32cube.ide.mcu.externaltools.gnu-tools-for-stm32.14.3.rel1.linux64_1.0.100.202602081740/tools/bin/../lib/gcc/arm-none-eabi/14.3.1/../../../../arm-none-eabi/lib/thumb/v6-m/nofp/libc_nano.a(libc_a-writer.o)
 .ARM.attributes
                0x000005c0       0x2c /home/gaiosa/st/stm32cubeide_2.1.1/plugins/com.st.stm32cube.ide.mcu.externaltools.gnu-tools-for-stm32.14.3.rel1.linux64_1.0.100.202602081740/tools/bin/../lib/gcc/arm-none-eabi/14.3.1/../../../../arm-none-eabi/lib/thumb/v6-m/nofp/libc_nano.a(libc_a-errno.o)
 .ARM.attributes
                0x000005ec       0x2c /home/gaiosa/st/stm32cubeide_2.1.1/plugins/com.st.stm32cube.ide.mcu.externaltools.gnu-tools-for-stm32.14.3.rel1.linux64_1.0.100.202602081740/tools/bin/../lib/gcc/arm-none-eabi/14.3.1/../../../../arm-none-eabi/lib/thumb/v6-m/nofp/libc_nano.a(libc_a-init.o)
 .ARM.attributes
                0x00000618       0x2c /home/gaiosa/st/stm32cubeide_2.1.1/plugins/com.st.stm32cube.ide.mcu.externaltools.gnu-tools-for-stm32.14.3.rel1.linux64_1.0.100.202602081740/tools/bin/../lib/gcc/arm-none-eabi/14.3.1/../../../../arm-none-eabi/lib/thumb/v6-m/nofp/libc_nano.a(libc_a-lock.o)
 .ARM.attributes
                0x00000644       0x1c /home/gaiosa/st/stm32cubeide_2.1.1/plugins/com.st.stm32cube.ide.mcu.externaltools.gnu-tools-for-stm32.14.3.rel1.linux64_1.0.100.202602081740/tools/bin/../lib/gcc/arm-none-eabi/14.3.1/../../../../arm-none-eabi/lib/thumb/v6-m/nofp/libc_nano.a(libc_a-strlen.o)
 .ARM.attributes
                0x00000660       0x2c /home/gaiosa/st/stm32cubeide_2.1.1/plugins/com.st.stm32cube.ide.mcu.externaltools.gnu-tools-for-stm32.14.3.rel1.linux64_1.0.100.202602081740/tools/bin/../lib/gcc/arm-none-eabi/14.3.1/../../../../arm-none-eabi/lib/thumb/v6-m/nofp/libc_nano.a(libc_a-freer.o)
 .ARM.attributes
                0x0000068c       0x2c /home/gaiosa/st/stm32cubeide_2.1.1/plugins/com.st.stm32cube.ide.mcu.externaltools.gnu-tools-for-stm32.14.3.rel1.linux64_1.0.100.202602081740/tools/bin/../lib/gcc/arm-none-eabi/14.3.1/../../../../arm-none-eabi/lib/thumb/v6-m/nofp/libc_nano.a(libc_a-mallocr.o)
 .ARM.attributes
                0x000006b8       0x2c /home/gaiosa/st/stm32cubeide_2.1.1/plugins/com.st.stm32cube.ide.mcu.externaltools.gnu-tools-for-stm32.14.3.rel1.linux64_1.0.100.202602081740/tools/bin/../lib/gcc/arm-none-eabi/14.3.1/../../../../arm-none-eabi/lib/thumb/v6-m/nofp/libc_nano.a(libc_a-mlock.o)
 .ARM.attributes
                0x000006e4       0x2c /home/gaiosa/st/stm32cubeide_2.1.1/plugins/com.st.stm32cube.ide.mcu.externaltools.gnu-tools-for-stm32.14.3.rel1.linux64_1.0.100.202602081740/tools/bin/../lib/gcc/arm-none-eabi/14.3.1/../../../../arm-none-eabi/lib/thumb/v6-m/nofp/libc_nano.a(libc_a-nano-svfprintf.o)
 .ARM.attributes
                0x00000710       0x2c /home/gaiosa/st/stm32cubeide_2.1.1/plugins/com.st.stm32cube.ide.mcu.externaltools.gnu-tools-for-stm32.14.3.rel1.linux64_1.0.100.202602081740/tools/bin/../lib/gcc/arm-none-eabi/14.3.1/../../../../arm-none-eabi/lib/thumb/v6-m/nofp/libc_nano.a(libc_a-nano-svfscanf.o)
 .ARM.attributes
                0x0000073c       0x2c /home/gaiosa/st/stm32cubeide_2.1.1/plugins/com.st.stm32cube.ide.mcu.externaltools.gnu-tools-for-stm32.14.3.rel1.linux64_1.0.100.202602081740/tools/bin/../lib/gcc/arm-none-eabi/14.3.1/../../../../arm-none-eabi/lib/thumb/v6-m/nofp/libc_nano.a(libc_a-nano-vfprintf.o)
 .ARM.attributes
                0x00000768       0x2c /home/gaiosa/st/stm32cubeide_2.1.1/plugins/com.st.stm32cube.ide.mcu.externaltools.gnu-tools-for-stm32.14.3.rel1.linux64_1.0.100.202602081740/tools/bin/../lib/gcc/arm-none-eabi/14.3.1/../../../../arm-none-eabi/lib/thumb/v6-m/nofp/libc_nano.a(libc_a-nano-vfprintf_i.o)
 .ARM.attributes
                0x00000794       0x2c /home/gaiosa/st/stm32cubeide_2.1.1/plugins/com.st.stm32cube.ide.mcu.externaltools.gnu-tools-for-stm32.14.3.rel1.linux64_1.0.100.202602081740/tools/bin/../lib/gcc/arm-none-eabi/14.3.1/../../../../arm-none-eabi/lib/thumb/v6-m/nofp/libc_nano.a(libc_a-nano-vfscanf_i.o)
 .ARM.attributes
                0x000007c0       0x2c /home/gaiosa/st/stm32cubeide_2.1.1/plugins/com.st.stm32cube.ide.mcu.externaltools.gnu-tools-for-stm32.14.3.rel1.linux64_1.0.100.202602081740/tools/bin/../lib/gcc/arm-none-eabi/14.3.1/../../../../arm-none-eabi/lib/thumb/v6-m/nofp/libc_nano.a(libc_a-fflush.o)
 .ARM.attributes
                0x000007ec       0x2c /home/gaiosa/st/stm32cubeide_2.1.1/plugins/com.st.stm32cube.ide.mcu.externaltools.gnu-tools-for-stm32.14.3.rel1.linux64_1.0.100.202602081740/tools/bin/../lib/gcc/arm-none-eabi/14.3.1/../../../../arm-none-eabi/lib/thumb/v6-m/nofp/libc_nano.a(libc_a-makebuf.o)
 .ARM.attributes
                0x00000818       0x2c /home/gaiosa/st/stm32cubeide_2.1.1/plugins/com.st.stm32cube.ide.mcu.externaltools.gnu-tools-for-stm32.14.3.rel1.linux64_1.0.100.202602081740/tools/bin/../lib/gcc/arm-none-eabi/14.3.1/../../../../arm-none-eabi/lib/thumb/v6-m/nofp/libc_nano.a(libc_a-sccl.o)
 .ARM.attributes
                0x00000844       0x2c /home/gaiosa/st/stm32cubeide_2.1.1/plugins/com.st.stm32cube.ide.mcu.externaltools.gnu-tools-for-stm32.14.3.rel1.linux64_1.0.100.202602081740/tools/bin/../lib/gcc/arm-none-eabi/14.3.1/../../../../arm-none-eabi/lib/thumb/v6-m/nofp/libc_nano.a(libc_a-ungetc.o)
 .ARM.attributes
                0x00000870       0x2c /home/gaiosa/st/stm32cubeide_2.1.1/plugins/com.st.stm32cube.ide.mcu.externaltools.gnu-tools-for-stm32.14.3.rel1.linux64_1.0.100.202602081740/tools/bin/../lib/gcc/arm-none-eabi/14.3.1/../../../../arm-none-eabi/lib/thumb/v6-m/nofp/libc_nano.a(libc_a-memmove.o)
 .ARM.attributes
                0x0000089c       0x2c /home/gaiosa/st/stm32cubeide_2.1.1/plugins/com.st.stm32cube.ide.mcu.externaltools.gnu-tools-for-stm32.14.3.rel1.linux64_1.0.100.202602081740/tools/bin/../lib/gcc/arm-none-eabi/14.3.1/../../../../arm-none-eabi/lib/thumb/v6-m/nofp/libc_nano.a(libc_a-fstatr.o)
 .ARM.attributes
                0x000008c8       0x2c /home/gaiosa/st/stm32cubeide_2.1.1/plugins/com.st.stm32cube.ide.mcu.externaltools.gnu-tools-for-stm32.14.3.rel1.linux64_1.0.100.202602081740/tools/bin/../lib/gcc/arm-none-eabi/14.3.1/../../../../arm-none-eabi/lib/thumb/v6-m/nofp/libc_nano.a(libc_a-isattyr.o)
 .ARM.attributes
                0x000008f4       0x2c /home/gaiosa/st/stm32cubeide_2.1.1/plugins/com.st.stm32cube.ide.mcu.externaltools.gnu-tools-for-stm32.14.3.rel1.linux64_1.0.100.202602081740/tools/bin/../lib/gcc/arm-none-eabi/14.3.1/../../../../arm-none-eabi/lib/thumb/v6-m/nofp/libc_nano.a(libc_a-sbrkr.o)
 .ARM.attributes
                0x00000920       0x2c /home/gaiosa/st/stm32cubeide_2.1.1/plugins/com.st.stm32cube.ide.mcu.externaltools.gnu-tools-for-stm32.14.3.rel1.linux64_1.0.100.202602081740/tools/bin/../lib/gcc/arm-none-eabi/14.3.1/../../../../arm-none-eabi/lib/thumb/v6-m/nofp/libc_nano.a(libc_a-memchr-stub.o)
 .ARM.attributes
                0x0000094c       0x2c /home/gaiosa/st/stm32cubeide_2.1.1/plugins/com.st.stm32cube.ide.mcu.externaltools.gnu-tools-for-stm32.14.3.rel1.linux64_1.0.100.202602081740/tools/bin/../lib/gcc/arm-none-eabi/14.3.1/../../../../arm-none-eabi/lib/thumb/v6-m/nofp/libc_nano.a(libc_a-memcpy-stub.o)
 .ARM.attributes
                0x00000978       0x2c /home/gaiosa/st/stm32cubeide_2.1.1/plugins/com.st.stm32cube.ide.mcu.externaltools.gnu-tools-for-stm32.14.3.rel1.linux64_1.0.100.202602081740/tools/bin/../lib/gcc/arm-none-eabi/14.3.1/../../../../arm-none-eabi/lib/thumb/v6-m/nofp/libc_nano.a(libc_a-reallocr.o)
 .ARM.attributes
                0x000009a4       0x2c /home/gaiosa/st/stm32cubeide_2.1.1/plugins/com.st.stm32cube.ide.mcu.externaltools.gnu-tools-for-stm32.14.3.rel1.linux64_1.0.100.202602081740/tools/bin/../lib/gcc/arm-none-eabi/14.3.1/../../../../arm-none-eabi/lib/thumb/v6-m/nofp/libc_nano.a(libc_a-strtol.o)
 .ARM.attributes
                0x000009d0       0x2c /home/gaiosa/st/stm32cubeide_2.1.1/plugins/com.st.stm32cube.ide.mcu.externaltools.gnu-tools-for-stm32.14.3.rel1.linux64_1.0.100.202602081740/tools/bin/../lib/gcc/arm-none-eabi/14.3.1/../../../../arm-none-eabi/lib/thumb/v6-m/nofp/libc_nano.a(libc_a-strtoul.o)
 .ARM.attributes
                0x000009fc       0x2c /home/gaiosa/st/stm32cubeide_2.1.1/plugins/com.st.stm32cube.ide.mcu.externaltools.gnu-tools-for-stm32.14.3.rel1.linux64_1.0.100.202602081740/tools/bin/../lib/gcc/arm-none-eabi/14.3.1/../../../../arm-none-eabi/lib/thumb/v6-m/nofp/libc_nano.a(libc_a-ctype_.o)
 .ARM.attributes
                0x00000a28       0x2c /home/gaiosa/st/stm32cubeide_2.1.1/plugins/com.st.stm32cube.ide.mcu.externaltools.gnu-tools-for-stm32.14.3.rel1.linux64_1.0.100.202602081740/tools/bin/../lib/gcc/arm-none-eabi/14.3.1/../../../../arm-none-eabi/lib/thumb/v6-m/nofp/libc_nano.a(libc_a-msizer.o)
 .ARM.attributes
                0x00000a54       0x1e /home/gaiosa/st/stm32cubeide_2.1.1/plugins/com.st.stm32cube.ide.mcu.externaltools.gnu-tools-for-stm32.14.3.rel1.linux64_1.0.100.202602081740/tools/bin/../lib/gcc/arm-none-eabi/14.3.1/thumb/v6-m/nofp/libgcc.a(_thumb1_case_shi.o)
 .ARM.attributes
                0x00000a72       0x1e /home/gaiosa/st/stm32cubeide_2.1.1/plugins/com.st.stm32cube.ide.mcu.externaltools.gnu-tools-for-stm32.14.3.rel1.linux64_1.0.100.202602081740/tools/bin/../lib/gcc/arm-none-eabi/14.3.1/thumb/v6-m/nofp/libgcc.a(_udivsi3.o)
 .ARM.attributes
                0x00000a90       0x1e /home/gaiosa/st/stm32cubeide_2.1.1/plugins/com.st.stm32cube.ide.mcu.externaltools.gnu-tools-for-stm32.14.3.rel1.linux64_1.0.100.202602081740/tools/bin/../lib/gcc/arm-none-eabi/14.3.1/thumb/v6-m/nofp/libgcc.a(_divsi3.o)
 .ARM.attributes
                0x00000aae       0x1e /home/gaiosa/st/stm32cubeide_2.1.1/plugins/com.st.stm32cube.ide.mcu.externaltools.gnu-tools-for-stm32.14.3.rel1.linux64_1.0.100.202602081740/tools/bin/../lib/gcc/arm-none-eabi/14.3.1/thumb/v6-m/nofp/libgcc.a(_dvmd_tls.o)
 .ARM.attributes
                0x00000acc       0x1e /home/gaiosa/st/stm32cubeide_2.1.1/plugins/com.st.stm32cube.ide.mcu.externaltools.gnu-tools-for-stm32.14.3.rel1.linux64_1.0.100.202602081740/tools/bin/../lib/gcc/arm-none-eabi/14.3.1/thumb/v6-m/nofp/crtn.o
OUTPUT(HW11_STM.elf elf32-littlearm)
LOAD linker stubs
LOAD /home/gaiosa/st/stm32cubeide_2.1.1/plugins/com.st.stm32cube.ide.mcu.externaltools.gnu-tools-for-stm32.14.3.rel1.linux64_1.0.100.202602081740/tools/bin/../lib/gcc/arm-none-eabi/14.3.1/../../../../arm-none-eabi/lib/thumb/v6-m/nofp/libc.a
LOAD /home/gaiosa/st/stm32cubeide_2.1.1/plugins/com.st.stm32cube.ide.mcu.externaltools.gnu-tools-for-stm32.14.3.rel1.linux64_1.0.100.202602081740/tools/bin/../lib/gcc/arm-none-eabi/14.3.1/../../../../arm-none-eabi/lib/thumb/v6-m/nofp/libm.a
LOAD /home/gaiosa/st/stm32cubeide_2.1.1/plugins/com.st.stm32cube.ide.mcu.externaltools.gnu-tools-for-stm32.14.3.rel1.linux64_1.0.100.202602081740/tools/bin/../lib/gcc/arm-none-eabi/14.3.1/thumb/v6-m/nofp/libgcc.a

.debug_info     0x00000000     0xc186
 .debug_info    0x00000000     0x10ad ./Application/User/Core/main.o
 .debug_info    0x000010ad      0xba3 ./Application/User/Core/stm32c0xx_hal_msp.o
 .debug_info    0x00001c50      0x122 ./Application/User/Core/stm32c0xx_it.o
 .debug_info    0x00001d72      0x6a3 ./Application/User/Core/syscalls.o
 .debug_info    0x00002415      0x168 ./Application/User/Core/sysmem.o
 .debug_info    0x0000257d       0x30 ./Application/User/Startup/startup_stm32c092rctx.o
 .debug_info    0x000025ad     0x1564 ./Drivers/BSP/STM32C0xx_Nucleo/stm32c0xx_nucleo.o
 .debug_info    0x00003b11      0x373 ./Drivers/CMSIS/system_stm32c0xx.o
 .debug_info    0x00003e84      0x85c ./Drivers/STM32C0xx_HAL_Driver/stm32c0xx_hal.o
 .debug_info    0x000046e0      0x8a5 ./Drivers/STM32C0xx_HAL_Driver/stm32c0xx_hal_cortex.o
 .debug_info    0x00004f85      0x62d ./Drivers/STM32C0xx_HAL_Driver/stm32c0xx_hal_exti.o
 .debug_info    0x000055b2      0x59f ./Drivers/STM32C0xx_HAL_Driver/stm32c0xx_hal_gpio.o
 .debug_info    0x00005b51      0x917 ./Drivers/STM32C0xx_HAL_Driver/stm32c0xx_hal_rcc.o
 .debug_info    0x00006468      0x55d ./Drivers/STM32C0xx_HAL_Driver/stm32c0xx_hal_rcc_ex.o
 .debug_info    0x000069c5     0x4840 ./Drivers/STM32C0xx_HAL_Driver/stm32c0xx_hal_uart.o
 .debug_info    0x0000b205      0xf81 ./Drivers/STM32C0xx_HAL_Driver/stm32c0xx_hal_uart_ex.o

.debug_abbrev   0x00000000     0x1faf
 .debug_abbrev  0x00000000      0x2b2 ./Application/User/Core/main.o
 .debug_abbrev  0x000002b2      0x1d2 ./Application/User/Core/stm32c0xx_hal_msp.o
 .debug_abbrev  0x00000484       0xbc ./Application/User/Core/stm32c0xx_it.o
 .debug_abbrev  0x00000540      0x1b6 ./Application/User/Core/syscalls.o
 .debug_abbrev  0x000006f6       0xbc ./Application/User/Core/sysmem.o
 .debug_abbrev  0x000007b2       0x24 ./Application/User/Startup/startup_stm32c092rctx.o
 .debug_abbrev  0x000007d6      0x325 ./Drivers/BSP/STM32C0xx_Nucleo/stm32c0xx_nucleo.o
 .debug_abbrev  0x00000afb      0x119 ./Drivers/CMSIS/system_stm32c0xx.o
 .debug_abbrev  0x00000c14      0x2cb ./Drivers/STM32C0xx_HAL_Driver/stm32c0xx_hal.o
 .debug_abbrev  0x00000edf      0x2b7 ./Drivers/STM32C0xx_HAL_Driver/stm32c0xx_hal_cortex.o
 .debug_abbrev  0x00001196      0x198 ./Drivers/STM32C0xx_HAL_Driver/stm32c0xx_hal_exti.o
 .debug_abbrev  0x0000132e      0x1db ./Drivers/STM32C0xx_HAL_Driver/stm32c0xx_hal_gpio.o
 .debug_abbrev  0x00001509      0x28c ./Drivers/STM32C0xx_HAL_Driver/stm32c0xx_hal_rcc.o
 .debug_abbrev  0x00001795      0x225 ./Drivers/STM32C0xx_HAL_Driver/stm32c0xx_hal_rcc_ex.o
 .debug_abbrev  0x000019ba      0x311 ./Drivers/STM32C0xx_HAL_Driver/stm32c0xx_hal_uart.o
 .debug_abbrev  0x00001ccb      0x2e4 ./Drivers/STM32C0xx_HAL_Driver/stm32c0xx_hal_uart_ex.o

.debug_aranges  0x00000000      0x920
 .debug_aranges
                0x00000000       0x48 ./Application/User/Core/main.o
 .debug_aranges
                0x00000048       0x30 ./Application/User/Core/stm32c0xx_hal_msp.o
 .debug_aranges
                0x00000078       0x48 ./Application/User/Core/stm32c0xx_it.o
 .debug_aranges
                0x000000c0       0xa8 ./Application/User/Core/syscalls.o
 .debug_aranges
                0x00000168       0x20 ./Application/User/Core/sysmem.o
 .debug_aranges
                0x00000188       0x28 ./Application/User/Startup/startup_stm32c092rctx.o
 .debug_aranges
                0x000001b0       0xc8 ./Drivers/BSP/STM32C0xx_Nucleo/stm32c0xx_nucleo.o
 .debug_aranges
                0x00000278       0x28 ./Drivers/CMSIS/system_stm32c0xx.o
 .debug_aranges
                0x000002a0      0x100 ./Drivers/STM32C0xx_HAL_Driver/stm32c0xx_hal.o
 .debug_aranges
                0x000003a0       0xe8 ./Drivers/STM32C0xx_HAL_Driver/stm32c0xx_hal_cortex.o
 .debug_aranges
                0x00000488       0x60 ./Drivers/STM32C0xx_HAL_Driver/stm32c0xx_hal_exti.o
 .debug_aranges
                0x000004e8       0x68 ./Drivers/STM32C0xx_HAL_Driver/stm32c0xx_hal_gpio.o
 .debug_aranges
                0x00000550       0xa0 ./Drivers/STM32C0xx_HAL_Driver/stm32c0xx_hal_rcc.o
 .debug_aranges
                0x000005f0       0x40 ./Drivers/STM32C0xx_HAL_Driver/stm32c0xx_hal_rcc_ex.o
 .debug_aranges
                0x00000630      0x248 ./Drivers/STM32C0xx_HAL_Driver/stm32c0xx_hal_uart.o
 .debug_aranges
                0x00000878       0xa8 ./Drivers/STM32C0xx_HAL_Driver/stm32c0xx_hal_uart_ex.o

.debug_rnglists
                0x00000000      0x6f2
 .debug_rnglists
                0x00000000       0x34 ./Application/User/Core/main.o
 .debug_rnglists
                0x00000034       0x20 ./Application/User/Core/stm32c0xx_hal_msp.o
 .debug_rnglists
                0x00000054       0x31 ./Application/User/Core/stm32c0xx_it.o
 .debug_rnglists
                0x00000085       0x79 ./Application/User/Core/syscalls.o
 .debug_rnglists
                0x000000fe       0x13 ./Application/User/Core/sysmem.o
 .debug_rnglists
                0x00000111       0x19 ./Application/User/Startup/startup_stm32c092rctx.o
 .debug_rnglists
                0x0000012a       0x95 ./Drivers/BSP/STM32C0xx_Nucleo/stm32c0xx_nucleo.o
 .debug_rnglists
                0x000001bf       0x1a ./Drivers/CMSIS/system_stm32c0xx.o
 .debug_rnglists
                0x000001d9       0xbc ./Drivers/STM32C0xx_HAL_Driver/stm32c0xx_hal.o
 .debug_rnglists
                0x00000295       0xaa ./Drivers/STM32C0xx_HAL_Driver/stm32c0xx_hal_cortex.o
 .debug_rnglists
                0x0000033f       0x47 ./Drivers/STM32C0xx_HAL_Driver/stm32c0xx_hal_exti.o
 .debug_rnglists
                0x00000386       0x4b ./Drivers/STM32C0xx_HAL_Driver/stm32c0xx_hal_gpio.o
 .debug_rnglists
                0x000003d1       0x78 ./Drivers/STM32C0xx_HAL_Driver/stm32c0xx_hal_rcc.o
 .debug_rnglists
                0x00000449       0x2e ./Drivers/STM32C0xx_HAL_Driver/stm32c0xx_hal_rcc_ex.o
 .debug_rnglists
                0x00000477      0x1fb ./Drivers/STM32C0xx_HAL_Driver/stm32c0xx_hal_uart.o
 .debug_rnglists
                0x00000672       0x80 ./Drivers/STM32C0xx_HAL_Driver/stm32c0xx_hal_uart_ex.o

.debug_macro    0x00000000    0x163c4
 .debug_macro   0x00000000      0x2f4 ./Application/User/Core/main.o
 .debug_macro   0x000002f4      0xab4 ./Application/User/Core/main.o
 .debug_macro   0x00000da8       0x2e ./Application/User/Core/main.o
 .debug_macro   0x00000dd6       0x28 ./Application/User/Core/main.o
 .debug_macro   0x00000dfe       0x22 ./Application/User/Core/main.o
 .debug_macro   0x00000e20       0x8e ./Application/User/Core/main.o
 .debug_macro   0x00000eae       0x51 ./Application/User/Core/main.o
 .debug_macro   0x00000eff      0x103 ./Application/User/Core/main.o
 .debug_macro   0x00001002       0x6a ./Application/User/Core/main.o
 .debug_macro   0x0000106c      0x1df ./Application/User/Core/main.o
 .debug_macro   0x0000124b       0x1c ./Application/User/Core/main.o
 .debug_macro   0x00001267       0x22 ./Application/User/Core/main.o
 .debug_macro   0x00001289       0xd1 ./Application/User/Core/main.o
 .debug_macro   0x0000135a      0x4da ./Application/User/Core/main.o
 .debug_macro   0x00001834      0x11f ./Application/User/Core/main.o
 .debug_macro   0x00001953     0xab92 ./Application/User/Core/main.o
 .debug_macro   0x0000c4e5       0x6d ./Application/User/Core/main.o
 .debug_macro   0x0000c552      0x1c8 ./Application/User/Core/main.o
 .debug_macro   0x0000c71a       0xe3 ./Application/User/Core/main.o
 .debug_macro   0x0000c7fd     0x3440 ./Application/User/Core/main.o
 .debug_macro   0x0000fc3d      0x190 ./Application/User/Core/main.o
 .debug_macro   0x0000fdcd       0x5b ./Application/User/Core/main.o
 .debug_macro   0x0000fe28      0x3f9 ./Application/User/Core/main.o
 .debug_macro   0x00010221      0xd8c ./Application/User/Core/main.o
 .debug_macro   0x00010fad      0x176 ./Application/User/Core/main.o
 .debug_macro   0x00011123      0x15f ./Application/User/Core/main.o
 .debug_macro   0x00011282      0x253 ./Application/User/Core/main.o
 .debug_macro   0x000114d5      0x352 ./Application/User/Core/main.o
 .debug_macro   0x00011827      0x18b ./Application/User/Core/main.o
 .debug_macro   0x000119b2       0x43 ./Application/User/Core/main.o
 .debug_macro   0x000119f5      0x1f1 ./Application/User/Core/main.o
 .debug_macro   0x00011be6      0x1b1 ./Application/User/Core/main.o
 .debug_macro   0x00011d97      0x37c ./Application/User/Core/main.o
 .debug_macro   0x00012113       0x28 ./Application/User/Core/main.o
 .debug_macro   0x0001213b       0xb3 ./Application/User/Core/main.o
 .debug_macro   0x000121ee      0x11d ./Application/User/Core/main.o
 .debug_macro   0x0001230b       0xf6 ./Application/User/Core/main.o
 .debug_macro   0x00012401      0x67e ./Application/User/Core/main.o
 .debug_macro   0x00012a7f       0xa6 ./Application/User/Core/main.o
 .debug_macro   0x00012b25      0x464 ./Application/User/Core/main.o
 .debug_macro   0x00012f89       0x22 ./Application/User/Core/main.o
 .debug_macro   0x00012fab       0x52 ./Application/User/Core/main.o
 .debug_macro   0x00012ffd       0x61 ./Application/User/Core/main.o
 .debug_macro   0x0001305e       0x24 ./Application/User/Core/main.o
 .debug_macro   0x00013082       0x43 ./Application/User/Core/main.o
 .debug_macro   0x000130c5       0x34 ./Application/User/Core/main.o
 .debug_macro   0x000130f9       0x16 ./Application/User/Core/main.o
 .debug_macro   0x0001310f       0x3c ./Application/User/Core/main.o
 .debug_macro   0x0001314b      0x364 ./Application/User/Core/main.o
 .debug_macro   0x000134af       0x10 ./Application/User/Core/main.o
 .debug_macro   0x000134bf       0x16 ./Application/User/Core/main.o
 .debug_macro   0x000134d5       0x4a ./Application/User/Core/main.o
 .debug_macro   0x0001351f       0x34 ./Application/User/Core/main.o
 .debug_macro   0x00013553       0x10 ./Application/User/Core/main.o
 .debug_macro   0x00013563       0x58 ./Application/User/Core/main.o
 .debug_macro   0x000135bb       0x8e ./Application/User/Core/main.o
 .debug_macro   0x00013649       0x1c ./Application/User/Core/main.o
 .debug_macro   0x00013665      0x17e ./Application/User/Core/main.o
 .debug_macro   0x000137e3       0x16 ./Application/User/Core/main.o
 .debug_macro   0x000137f9       0x16 ./Application/User/Core/main.o
 .debug_macro   0x0001380f      0x146 ./Application/User/Core/main.o
 .debug_macro   0x00013955      0x10e ./Application/User/Core/main.o
 .debug_macro   0x00013a63       0x4c ./Application/User/Core/main.o
 .debug_macro   0x00013aaf       0x16 ./Application/User/Core/main.o
 .debug_macro   0x00013ac5       0x20 ./Application/User/Core/main.o
 .debug_macro   0x00013ae5      0x2c4 ./Application/User/Core/stm32c0xx_hal_msp.o
 .debug_macro   0x00013da9      0x2ce ./Application/User/Core/stm32c0xx_it.o
 .debug_macro   0x00014077      0x274 ./Application/User/Core/syscalls.o
 .debug_macro   0x000142eb       0x5b ./Application/User/Core/syscalls.o
 .debug_macro   0x00014346       0x94 ./Application/User/Core/syscalls.o
 .debug_macro   0x000143da       0x57 ./Application/User/Core/syscalls.o
 .debug_macro   0x00014431       0x10 ./Application/User/Core/syscalls.o
 .debug_macro   0x00014441       0x10 ./Application/User/Core/syscalls.o
 .debug_macro   0x00014451       0x10 ./Application/User/Core/syscalls.o
 .debug_macro   0x00014461       0x10 ./Application/User/Core/syscalls.o
 .debug_macro   0x00014471       0x1c ./Application/User/Core/syscalls.o
 .debug_macro   0x0001448d       0x52 ./Application/User/Core/syscalls.o
 .debug_macro   0x000144df       0x22 ./Application/User/Core/syscalls.o
 .debug_macro   0x00014501       0x10 ./Application/User/Core/syscalls.o
 .debug_macro   0x00014511       0x52 ./Application/User/Core/syscalls.o
 .debug_macro   0x00014563       0xcf ./Application/User/Core/syscalls.o
 .debug_macro   0x00014632       0x1c ./Application/User/Core/syscalls.o
 .debug_macro   0x0001464e       0x3d ./Application/User/Core/syscalls.o
 .debug_macro   0x0001468b       0x35 ./Application/User/Core/syscalls.o
 .debug_macro   0x000146c0      0x12c ./Application/User/Core/syscalls.o
 .debug_macro   0x000147ec       0x16 ./Application/User/Core/syscalls.o
 .debug_macro   0x00014802       0x16 ./Application/User/Core/syscalls.o
 .debug_macro   0x00014818       0x29 ./Application/User/Core/syscalls.o
 .debug_macro   0x00014841       0x10 ./Application/User/Core/syscalls.o
 .debug_macro   0x00014851      0x242 ./Application/User/Core/syscalls.o
 .debug_macro   0x00014a93       0x1c ./Application/User/Core/syscalls.o
 .debug_macro   0x00014aaf       0x10 ./Application/User/Core/syscalls.o
 .debug_macro   0x00014abf      0x18a ./Application/User/Core/syscalls.o
 .debug_macro   0x00014c49       0x16 ./Application/User/Core/syscalls.o
 .debug_macro   0x00014c5f       0xce ./Application/User/Core/syscalls.o
 .debug_macro   0x00014d2d      0x112 ./Application/User/Core/sysmem.o
 .debug_macro   0x00014e3f      0x23c ./Application/User/Core/sysmem.o
 .debug_macro   0x0001507b      0x2c1 ./Drivers/BSP/STM32C0xx_Nucleo/stm32c0xx_nucleo.o
 .debug_macro   0x0001533c       0x1c ./Drivers/BSP/STM32C0xx_Nucleo/stm32c0xx_nucleo.o
 .debug_macro   0x00015358      0x1c2 ./Drivers/CMSIS/system_stm32c0xx.o
 .debug_macro   0x0001551a      0x1da ./Drivers/STM32C0xx_HAL_Driver/stm32c0xx_hal.o
 .debug_macro   0x000156f4      0x1bc ./Drivers/STM32C0xx_HAL_Driver/stm32c0xx_hal_cortex.o
 .debug_macro   0x000158b0      0x1c8 ./Drivers/STM32C0xx_HAL_Driver/stm32c0xx_hal_exti.o
 .debug_macro   0x00015a78      0x1f1 ./Drivers/STM32C0xx_HAL_Driver/stm32c0xx_hal_gpio.o
 .debug_macro   0x00015c69      0x1ec ./Drivers/STM32C0xx_HAL_Driver/stm32c0xx_hal_rcc.o
 .debug_macro   0x00015e55      0x1ce ./Drivers/STM32C0xx_HAL_Driver/stm32c0xx_hal_rcc_ex.o
 .debug_macro   0x00016023      0x1d9 ./Drivers/STM32C0xx_HAL_Driver/stm32c0xx_hal_uart.o
 .debug_macro   0x000161fc      0x1c8 ./Drivers/STM32C0xx_HAL_Driver/stm32c0xx_hal_uart_ex.o

.debug_line     0x00000000     0xc25a
 .debug_line    0x00000000      0xa68 ./Application/User/Core/main.o
 .debug_line    0x00000a68      0x8fd ./Application/User/Core/stm32c0xx_hal_msp.o
 .debug_line    0x00001365      0x90f ./Application/User/Core/stm32c0xx_it.o
 .debug_line    0x00001c74      0x81b ./Application/User/Core/syscalls.o
 .debug_line    0x0000248f      0x4f7 ./Application/User/Core/sysmem.o
 .debug_line    0x00002986       0x7d ./Application/User/Startup/startup_stm32c092rctx.o
 .debug_line    0x00002a03      0xc43 ./Drivers/BSP/STM32C0xx_Nucleo/stm32c0xx_nucleo.o
 .debug_line    0x00003646      0x73d ./Drivers/CMSIS/system_stm32c0xx.o
 .debug_line    0x00003d83      0xa1a ./Drivers/STM32C0xx_HAL_Driver/stm32c0xx_hal.o
 .debug_line    0x0000479d      0xb32 ./Drivers/STM32C0xx_HAL_Driver/stm32c0xx_hal_cortex.o
 .debug_line    0x000052cf      0xaa2 ./Drivers/STM32C0xx_HAL_Driver/stm32c0xx_hal_exti.o
 .debug_line    0x00005d71      0xb2f ./Drivers/STM32C0xx_HAL_Driver/stm32c0xx_hal_gpio.o
 .debug_line    0x000068a0      0xd4d ./Drivers/STM32C0xx_HAL_Driver/stm32c0xx_hal_rcc.o
 .debug_line    0x000075ed      0x9e4 ./Drivers/STM32C0xx_HAL_Driver/stm32c0xx_hal_rcc_ex.o
 .debug_line    0x00007fd1     0x35c9 ./Drivers/STM32C0xx_HAL_Driver/stm32c0xx_hal_uart.o
 .debug_line    0x0000b59a      0xcc0 ./Drivers/STM32C0xx_HAL_Driver/stm32c0xx_hal_uart_ex.o

.debug_str      0x00000000    0x848ee
 .debug_str     0x00000000    0x848ee ./Application/User/Core/main.o
                              0x80840 (size before relaxing)
 .debug_str     0x000848ee    0x8047a ./Application/User/Core/stm32c0xx_hal_msp.o
 .debug_str     0x000848ee    0x7fd30 ./Application/User/Core/stm32c0xx_it.o
 .debug_str     0x000848ee     0x9877 ./Application/User/Core/syscalls.o
 .debug_str     0x000848ee     0x7621 ./Application/User/Core/sysmem.o
 .debug_str     0x000848ee       0x8c ./Application/User/Startup/startup_stm32c092rctx.o
 .debug_str     0x000848ee    0x809d7 ./Drivers/BSP/STM32C0xx_Nucleo/stm32c0xx_nucleo.o
 .debug_str     0x000848ee    0x7bdb1 ./Drivers/CMSIS/system_stm32c0xx.o
 .debug_str     0x000848ee    0x7c40d ./Drivers/STM32C0xx_HAL_Driver/stm32c0xx_hal.o
 .debug_str     0x000848ee    0x7c230 ./Drivers/STM32C0xx_HAL_Driver/stm32c0xx_hal_cortex.o